Archive member included to satisfy reference by file (symbol)

./core/bin/libmodcore.a(main.o)
                              /usr/lib/gcc/arm-none-eabi/4.9.3/../../../arm-none-eabi/lib/armv7-m/crt0.o (main)
./core/bin/libmodcore.a(sys_clock.o)
                              ./core/bin/libmodcore.a(main.o) (SYS_Clock_Init)
./core/bin/libmodcore.a(sys_error.o)
                              ./core/bin/libmodcore.a(sys_clock.o) (SYS_ThrowError)
./core/bin/libmodcore.a(startup_stm32f103x6.o)
                              (Reset_Handler)
./core/bin/libmodcore.a(sys_init.o)
                              ./core/bin/libmodcore.a(startup_stm32f103x6.o) (SystemInit)
./lib/stm32f1hal/bin/libstm32f1hal.a(stm32f1xx_hal.o)
                              ./core/bin/libmodcore.a(main.o) (HAL_Init)
./lib/stm32f1hal/bin/libstm32f1hal.a(stm32f1xx_hal_cortex.o)
                              ./lib/stm32f1hal/bin/libstm32f1hal.a(stm32f1xx_hal.o) (HAL_NVIC_SetPriorityGrouping)
./lib/stm32f1hal/bin/libstm32f1hal.a(stm32f1xx_hal_rcc.o)
                              ./core/bin/libmodcore.a(sys_clock.o) (HAL_RCC_OscConfig)
./lib/stm32f1hal/bin/libstm32f1hal.a(stm32f1xx_hal_gpio.o)
                              ./lib/stm32f1hal/bin/libstm32f1hal.a(stm32f1xx_hal_rcc.o) (HAL_GPIO_Init)
/usr/lib/gcc/arm-none-eabi/4.9.3/../../../arm-none-eabi/lib/armv7-m/libc_nano.a(lib_a-atexit.o)
                              /usr/lib/gcc/arm-none-eabi/4.9.3/../../../arm-none-eabi/lib/armv7-m/crt0.o (atexit)
/usr/lib/gcc/arm-none-eabi/4.9.3/../../../arm-none-eabi/lib/armv7-m/libc_nano.a(lib_a-exit.o)
                              /usr/lib/gcc/arm-none-eabi/4.9.3/../../../arm-none-eabi/lib/armv7-m/crt0.o (exit)
/usr/lib/gcc/arm-none-eabi/4.9.3/../../../arm-none-eabi/lib/armv7-m/libc_nano.a(lib_a-fini.o)
                              /usr/lib/gcc/arm-none-eabi/4.9.3/../../../arm-none-eabi/lib/armv7-m/crt0.o (__libc_fini_array)
/usr/lib/gcc/arm-none-eabi/4.9.3/../../../arm-none-eabi/lib/armv7-m/libc_nano.a(lib_a-impure.o)
                              /usr/lib/gcc/arm-none-eabi/4.9.3/../../../arm-none-eabi/lib/armv7-m/libc_nano.a(lib_a-exit.o) (_global_impure_ptr)
/usr/lib/gcc/arm-none-eabi/4.9.3/../../../arm-none-eabi/lib/armv7-m/libc_nano.a(lib_a-init.o)
                              /usr/lib/gcc/arm-none-eabi/4.9.3/../../../arm-none-eabi/lib/armv7-m/crt0.o (__libc_init_array)
/usr/lib/gcc/arm-none-eabi/4.9.3/../../../arm-none-eabi/lib/armv7-m/libc_nano.a(lib_a-memset.o)
                              /usr/lib/gcc/arm-none-eabi/4.9.3/../../../arm-none-eabi/lib/armv7-m/crt0.o (memset)
/usr/lib/gcc/arm-none-eabi/4.9.3/../../../arm-none-eabi/lib/armv7-m/libc_nano.a(lib_a-__atexit.o)
                              /usr/lib/gcc/arm-none-eabi/4.9.3/../../../arm-none-eabi/lib/armv7-m/libc_nano.a(lib_a-atexit.o) (__register_exitproc)
/usr/lib/gcc/arm-none-eabi/4.9.3/../../../arm-none-eabi/lib/armv7-m/libc_nano.a(lib_a-__call_atexit.o)
                              /usr/lib/gcc/arm-none-eabi/4.9.3/../../../arm-none-eabi/lib/armv7-m/libc_nano.a(lib_a-__atexit.o) (__call_exitprocs)
/usr/lib/gcc/arm-none-eabi/4.9.3/../../../arm-none-eabi/lib/armv7-m/libnosys.a(_exit.o)
                              /usr/lib/gcc/arm-none-eabi/4.9.3/../../../arm-none-eabi/lib/armv7-m/libc_nano.a(lib_a-exit.o) (_exit)

Allocating common symbols
Common symbol       size              file

uwTick              0x4               ./lib/stm32f1hal/bin/libstm32f1hal.a(stm32f1xx_hal.o)

Discarded input sections

 .text          0x0000000000000000        0x0 /usr/lib/gcc/arm-none-eabi/4.9.3/armv7-m/crti.o
 .data          0x0000000000000000        0x0 /usr/lib/gcc/arm-none-eabi/4.9.3/armv7-m/crti.o
 .bss           0x0000000000000000        0x0 /usr/lib/gcc/arm-none-eabi/4.9.3/armv7-m/crti.o
 .data          0x0000000000000000        0x4 /usr/lib/gcc/arm-none-eabi/4.9.3/armv7-m/crtbegin.o
 .text          0x0000000000000000       0x68 /usr/lib/gcc/arm-none-eabi/4.9.3/../../../arm-none-eabi/lib/armv7-m/crt0.o
 .data          0x0000000000000000        0x0 /usr/lib/gcc/arm-none-eabi/4.9.3/../../../arm-none-eabi/lib/armv7-m/crt0.o
 .bss           0x0000000000000000        0x0 /usr/lib/gcc/arm-none-eabi/4.9.3/../../../arm-none-eabi/lib/armv7-m/crt0.o
 .ARM.extab     0x0000000000000000        0x0 /usr/lib/gcc/arm-none-eabi/4.9.3/../../../arm-none-eabi/lib/armv7-m/crt0.o
 .ARM.exidx     0x0000000000000000        0x8 /usr/lib/gcc/arm-none-eabi/4.9.3/../../../arm-none-eabi/lib/armv7-m/crt0.o
 .debug_line    0x0000000000000000       0x7b /usr/lib/gcc/arm-none-eabi/4.9.3/../../../arm-none-eabi/lib/armv7-m/crt0.o
 .debug_info    0x0000000000000000       0xa8 /usr/lib/gcc/arm-none-eabi/4.9.3/../../../arm-none-eabi/lib/armv7-m/crt0.o
 .debug_abbrev  0x0000000000000000       0x14 /usr/lib/gcc/arm-none-eabi/4.9.3/../../../arm-none-eabi/lib/armv7-m/crt0.o
 .debug_aranges
                0x0000000000000000       0x20 /usr/lib/gcc/arm-none-eabi/4.9.3/../../../arm-none-eabi/lib/armv7-m/crt0.o
 .ARM.attributes
                0x0000000000000000       0x1b /usr/lib/gcc/arm-none-eabi/4.9.3/../../../arm-none-eabi/lib/armv7-m/crt0.o
 .text          0x0000000000000000        0x0 ./core/bin/libmodcore.a(main.o)
 .data          0x0000000000000000        0x0 ./core/bin/libmodcore.a(main.o)
 .bss           0x0000000000000000        0x0 ./core/bin/libmodcore.a(main.o)
 .text          0x0000000000000000        0x0 ./core/bin/libmodcore.a(sys_clock.o)
 .data          0x0000000000000000        0x0 ./core/bin/libmodcore.a(sys_clock.o)
 .bss           0x0000000000000000        0x0 ./core/bin/libmodcore.a(sys_clock.o)
 .text          0x0000000000000000        0x0 ./core/bin/libmodcore.a(sys_error.o)
 .data          0x0000000000000000        0x0 ./core/bin/libmodcore.a(sys_error.o)
 .bss           0x0000000000000000        0x0 ./core/bin/libmodcore.a(sys_error.o)
 .text          0x0000000000000000       0x14 ./core/bin/libmodcore.a(startup_stm32f103x6.o)
 .data          0x0000000000000000        0x0 ./core/bin/libmodcore.a(startup_stm32f103x6.o)
 .bss           0x0000000000000000        0x0 ./core/bin/libmodcore.a(startup_stm32f103x6.o)
 .text          0x0000000000000000        0x0 ./core/bin/libmodcore.a(sys_init.o)
 .data          0x0000000000000000        0x0 ./core/bin/libmodcore.a(sys_init.o)
 .bss           0x0000000000000000        0x0 ./core/bin/libmodcore.a(sys_init.o)
 .text.SystemCoreClockUpdate
                0x0000000000000000       0x98 ./core/bin/libmodcore.a(sys_init.o)
 .rodata.APBPrescTable
                0x0000000000000000        0x8 ./core/bin/libmodcore.a(sys_init.o)
 .text          0x0000000000000000        0x0 ./lib/stm32f1hal/bin/libstm32f1hal.a(stm32f1xx_hal.o)
 .data          0x0000000000000000        0x0 ./lib/stm32f1hal/bin/libstm32f1hal.a(stm32f1xx_hal.o)
 .bss           0x0000000000000000        0x0 ./lib/stm32f1hal/bin/libstm32f1hal.a(stm32f1xx_hal.o)
 .text.HAL_MspDeInit
                0x0000000000000000        0x4 ./lib/stm32f1hal/bin/libstm32f1hal.a(stm32f1xx_hal.o)
 .text.HAL_DeInit
                0x0000000000000000       0x20 ./lib/stm32f1hal/bin/libstm32f1hal.a(stm32f1xx_hal.o)
 .text.HAL_IncTick
                0x0000000000000000       0x18 ./lib/stm32f1hal/bin/libstm32f1hal.a(stm32f1xx_hal.o)
 .text.HAL_GetTickPrio
                0x0000000000000000        0xc ./lib/stm32f1hal/bin/libstm32f1hal.a(stm32f1xx_hal.o)
 .text.HAL_SetTickFreq
                0x0000000000000000       0x2c ./lib/stm32f1hal/bin/libstm32f1hal.a(stm32f1xx_hal.o)
 .text.HAL_GetTickFreq
                0x0000000000000000        0xc ./lib/stm32f1hal/bin/libstm32f1hal.a(stm32f1xx_hal.o)
 .text.HAL_Delay
                0x0000000000000000       0x28 ./lib/stm32f1hal/bin/libstm32f1hal.a(stm32f1xx_hal.o)
 .text.HAL_SuspendTick
                0x0000000000000000       0x10 ./lib/stm32f1hal/bin/libstm32f1hal.a(stm32f1xx_hal.o)
 .text.HAL_ResumeTick
                0x0000000000000000       0x10 ./lib/stm32f1hal/bin/libstm32f1hal.a(stm32f1xx_hal.o)
 .text.HAL_GetHalVersion
                0x0000000000000000        0x8 ./lib/stm32f1hal/bin/libstm32f1hal.a(stm32f1xx_hal.o)
 .text.HAL_GetREVID
                0x0000000000000000        0xc ./lib/stm32f1hal/bin/libstm32f1hal.a(stm32f1xx_hal.o)
 .text.HAL_GetDEVID
                0x0000000000000000       0x10 ./lib/stm32f1hal/bin/libstm32f1hal.a(stm32f1xx_hal.o)
 .text.HAL_GetUIDw0
                0x0000000000000000        0xc ./lib/stm32f1hal/bin/libstm32f1hal.a(stm32f1xx_hal.o)
 .text.HAL_GetUIDw1
                0x0000000000000000        0xc ./lib/stm32f1hal/bin/libstm32f1hal.a(stm32f1xx_hal.o)
 .text.HAL_GetUIDw2
                0x0000000000000000        0xc ./lib/stm32f1hal/bin/libstm32f1hal.a(stm32f1xx_hal.o)
 .text.HAL_DBGMCU_EnableDBGSleepMode
                0x0000000000000000       0x10 ./lib/stm32f1hal/bin/libstm32f1hal.a(stm32f1xx_hal.o)
 .text.HAL_DBGMCU_DisableDBGSleepMode
                0x0000000000000000       0x10 ./lib/stm32f1hal/bin/libstm32f1hal.a(stm32f1xx_hal.o)
 .text.HAL_DBGMCU_EnableDBGStopMode
                0x0000000000000000       0x10 ./lib/stm32f1hal/bin/libstm32f1hal.a(stm32f1xx_hal.o)
 .text.HAL_DBGMCU_DisableDBGStopMode
                0x0000000000000000       0x10 ./lib/stm32f1hal/bin/libstm32f1hal.a(stm32f1xx_hal.o)
 .text.HAL_DBGMCU_EnableDBGStandbyMode
                0x0000000000000000       0x10 ./lib/stm32f1hal/bin/libstm32f1hal.a(stm32f1xx_hal.o)
 .text.HAL_DBGMCU_DisableDBGStandbyMode
                0x0000000000000000       0x10 ./lib/stm32f1hal/bin/libstm32f1hal.a(stm32f1xx_hal.o)
 .text          0x0000000000000000        0x0 ./lib/stm32f1hal/bin/libstm32f1hal.a(stm32f1xx_hal_cortex.o)
 .data          0x0000000000000000        0x0 ./lib/stm32f1hal/bin/libstm32f1hal.a(stm32f1xx_hal_cortex.o)
 .bss           0x0000000000000000        0x0 ./lib/stm32f1hal/bin/libstm32f1hal.a(stm32f1xx_hal_cortex.o)
 .text.HAL_NVIC_EnableIRQ
                0x0000000000000000       0x1c ./lib/stm32f1hal/bin/libstm32f1hal.a(stm32f1xx_hal_cortex.o)
 .text.HAL_NVIC_DisableIRQ
                0x0000000000000000       0x24 ./lib/stm32f1hal/bin/libstm32f1hal.a(stm32f1xx_hal_cortex.o)
 .text.HAL_NVIC_SystemReset
                0x0000000000000000       0x24 ./lib/stm32f1hal/bin/libstm32f1hal.a(stm32f1xx_hal_cortex.o)
 .text.HAL_NVIC_GetPriorityGrouping
                0x0000000000000000       0x10 ./lib/stm32f1hal/bin/libstm32f1hal.a(stm32f1xx_hal_cortex.o)
 .text.HAL_NVIC_GetPriority
                0x0000000000000000       0x5c ./lib/stm32f1hal/bin/libstm32f1hal.a(stm32f1xx_hal_cortex.o)
 .text.HAL_NVIC_SetPendingIRQ
                0x0000000000000000       0x1c ./lib/stm32f1hal/bin/libstm32f1hal.a(stm32f1xx_hal_cortex.o)
 .text.HAL_NVIC_GetPendingIRQ
                0x0000000000000000       0x24 ./lib/stm32f1hal/bin/libstm32f1hal.a(stm32f1xx_hal_cortex.o)
 .text.HAL_NVIC_ClearPendingIRQ
                0x0000000000000000       0x1c ./lib/stm32f1hal/bin/libstm32f1hal.a(stm32f1xx_hal_cortex.o)
 .text.HAL_NVIC_GetActive
                0x0000000000000000       0x24 ./lib/stm32f1hal/bin/libstm32f1hal.a(stm32f1xx_hal_cortex.o)
 .text.HAL_SYSTICK_CLKSourceConfig
                0x0000000000000000       0x20 ./lib/stm32f1hal/bin/libstm32f1hal.a(stm32f1xx_hal_cortex.o)
 .text.HAL_SYSTICK_Callback
                0x0000000000000000        0x4 ./lib/stm32f1hal/bin/libstm32f1hal.a(stm32f1xx_hal_cortex.o)
 .text.HAL_SYSTICK_IRQHandler
                0x0000000000000000        0x8 ./lib/stm32f1hal/bin/libstm32f1hal.a(stm32f1xx_hal_cortex.o)
 .text          0x0000000000000000        0x0 ./lib/stm32f1hal/bin/libstm32f1hal.a(stm32f1xx_hal_rcc.o)
 .data          0x0000000000000000        0x0 ./lib/stm32f1hal/bin/libstm32f1hal.a(stm32f1xx_hal_rcc.o)
 .bss           0x0000000000000000        0x0 ./lib/stm32f1hal/bin/libstm32f1hal.a(stm32f1xx_hal_rcc.o)
 .text.HAL_RCC_DeInit
                0x0000000000000000       0xfc ./lib/stm32f1hal/bin/libstm32f1hal.a(stm32f1xx_hal_rcc.o)
 .text.HAL_RCC_MCOConfig
                0x0000000000000000       0x4c ./lib/stm32f1hal/bin/libstm32f1hal.a(stm32f1xx_hal_rcc.o)
 .text.HAL_RCC_EnableCSS
                0x0000000000000000        0xc ./lib/stm32f1hal/bin/libstm32f1hal.a(stm32f1xx_hal_rcc.o)
 .text.HAL_RCC_DisableCSS
                0x0000000000000000        0xc ./lib/stm32f1hal/bin/libstm32f1hal.a(stm32f1xx_hal_rcc.o)
 .text.HAL_RCC_GetHCLKFreq
                0x0000000000000000        0xc ./lib/stm32f1hal/bin/libstm32f1hal.a(stm32f1xx_hal_rcc.o)
 .text.HAL_RCC_GetPCLK1Freq
                0x0000000000000000       0x20 ./lib/stm32f1hal/bin/libstm32f1hal.a(stm32f1xx_hal_rcc.o)
 .text.HAL_RCC_GetPCLK2Freq
                0x0000000000000000       0x20 ./lib/stm32f1hal/bin/libstm32f1hal.a(stm32f1xx_hal_rcc.o)
 .text.HAL_RCC_GetOscConfig
                0x0000000000000000       0xb4 ./lib/stm32f1hal/bin/libstm32f1hal.a(stm32f1xx_hal_rcc.o)
 .text.HAL_RCC_GetClockConfig
                0x0000000000000000       0x3c ./lib/stm32f1hal/bin/libstm32f1hal.a(stm32f1xx_hal_rcc.o)
 .text.HAL_RCC_CSSCallback
                0x0000000000000000        0x4 ./lib/stm32f1hal/bin/libstm32f1hal.a(stm32f1xx_hal_rcc.o)
 .text.HAL_RCC_NMI_IRQHandler
                0x0000000000000000       0x20 ./lib/stm32f1hal/bin/libstm32f1hal.a(stm32f1xx_hal_rcc.o)
 .text          0x0000000000000000        0x0 ./lib/stm32f1hal/bin/libstm32f1hal.a(stm32f1xx_hal_gpio.o)
 .data          0x0000000000000000        0x0 ./lib/stm32f1hal/bin/libstm32f1hal.a(stm32f1xx_hal_gpio.o)
 .bss           0x0000000000000000        0x0 ./lib/stm32f1hal/bin/libstm32f1hal.a(stm32f1xx_hal_gpio.o)
 .text.HAL_GPIO_Init
                0x0000000000000000      0x1e0 ./lib/stm32f1hal/bin/libstm32f1hal.a(stm32f1xx_hal_gpio.o)
 .text.HAL_GPIO_DeInit
                0x0000000000000000       0xd0 ./lib/stm32f1hal/bin/libstm32f1hal.a(stm32f1xx_hal_gpio.o)
 .text.HAL_GPIO_ReadPin
                0x0000000000000000       0x10 ./lib/stm32f1hal/bin/libstm32f1hal.a(stm32f1xx_hal_gpio.o)
 .text.HAL_GPIO_WritePin
                0x0000000000000000        0xc ./lib/stm32f1hal/bin/libstm32f1hal.a(stm32f1xx_hal_gpio.o)
 .text.HAL_GPIO_TogglePin
                0x0000000000000000       0x10 ./lib/stm32f1hal/bin/libstm32f1hal.a(stm32f1xx_hal_gpio.o)
 .text.HAL_GPIO_LockPin
                0x0000000000000000       0x30 ./lib/stm32f1hal/bin/libstm32f1hal.a(stm32f1xx_hal_gpio.o)
 .text.HAL_GPIO_EXTI_Callback
                0x0000000000000000        0x4 ./lib/stm32f1hal/bin/libstm32f1hal.a(stm32f1xx_hal_gpio.o)
 .text.HAL_GPIO_EXTI_IRQHandler
                0x0000000000000000       0x18 ./lib/stm32f1hal/bin/libstm32f1hal.a(stm32f1xx_hal_gpio.o)
 .comment       0x0000000000000000       0x39 ./lib/stm32f1hal/bin/libstm32f1hal.a(stm32f1xx_hal_gpio.o)
 .ARM.attributes
                0x0000000000000000       0x33 ./lib/stm32f1hal/bin/libstm32f1hal.a(stm32f1xx_hal_gpio.o)
 .text          0x0000000000000000        0x0 /usr/lib/gcc/arm-none-eabi/4.9.3/../../../arm-none-eabi/lib/armv7-m/libc_nano.a(lib_a-atexit.o)
 .data          0x0000000000000000        0x0 /usr/lib/gcc/arm-none-eabi/4.9.3/../../../arm-none-eabi/lib/armv7-m/libc_nano.a(lib_a-atexit.o)
 .bss           0x0000000000000000        0x0 /usr/lib/gcc/arm-none-eabi/4.9.3/../../../arm-none-eabi/lib/armv7-m/libc_nano.a(lib_a-atexit.o)
 .text.atexit   0x0000000000000000        0xc /usr/lib/gcc/arm-none-eabi/4.9.3/../../../arm-none-eabi/lib/armv7-m/libc_nano.a(lib_a-atexit.o)
 .debug_info    0x0000000000000000      0x10a /usr/lib/gcc/arm-none-eabi/4.9.3/../../../arm-none-eabi/lib/armv7-m/libc_nano.a(lib_a-atexit.o)
 .debug_abbrev  0x0000000000000000       0xb8 /usr/lib/gcc/arm-none-eabi/4.9.3/../../../arm-none-eabi/lib/armv7-m/libc_nano.a(lib_a-atexit.o)
 .debug_loc     0x0000000000000000       0x2c /usr/lib/gcc/arm-none-eabi/4.9.3/../../../arm-none-eabi/lib/armv7-m/libc_nano.a(lib_a-atexit.o)
 .debug_aranges
                0x0000000000000000       0x20 /usr/lib/gcc/arm-none-eabi/4.9.3/../../../arm-none-eabi/lib/armv7-m/libc_nano.a(lib_a-atexit.o)
 .debug_ranges  0x0000000000000000       0x10 /usr/lib/gcc/arm-none-eabi/4.9.3/../../../arm-none-eabi/lib/armv7-m/libc_nano.a(lib_a-atexit.o)
 .debug_line    0x0000000000000000       0xc1 /usr/lib/gcc/arm-none-eabi/4.9.3/../../../arm-none-eabi/lib/armv7-m/libc_nano.a(lib_a-atexit.o)
 .debug_str     0x0000000000000000      0x20f /usr/lib/gcc/arm-none-eabi/4.9.3/../../../arm-none-eabi/lib/armv7-m/libc_nano.a(lib_a-atexit.o)
 .comment       0x0000000000000000       0x39 /usr/lib/gcc/arm-none-eabi/4.9.3/../../../arm-none-eabi/lib/armv7-m/libc_nano.a(lib_a-atexit.o)
 .debug_frame   0x0000000000000000       0x20 /usr/lib/gcc/arm-none-eabi/4.9.3/../../../arm-none-eabi/lib/armv7-m/libc_nano.a(lib_a-atexit.o)
 .ARM.attributes
                0x0000000000000000       0x2d /usr/lib/gcc/arm-none-eabi/4.9.3/../../../arm-none-eabi/lib/armv7-m/libc_nano.a(lib_a-atexit.o)
 .text          0x0000000000000000        0x0 /usr/lib/gcc/arm-none-eabi/4.9.3/../../../arm-none-eabi/lib/armv7-m/libc_nano.a(lib_a-exit.o)
 .data          0x0000000000000000        0x0 /usr/lib/gcc/arm-none-eabi/4.9.3/../../../arm-none-eabi/lib/armv7-m/libc_nano.a(lib_a-exit.o)
 .bss           0x0000000000000000        0x0 /usr/lib/gcc/arm-none-eabi/4.9.3/../../../arm-none-eabi/lib/armv7-m/libc_nano.a(lib_a-exit.o)
 .text.exit     0x0000000000000000       0x28 /usr/lib/gcc/arm-none-eabi/4.9.3/../../../arm-none-eabi/lib/armv7-m/libc_nano.a(lib_a-exit.o)
 .debug_info    0x0000000000000000      0x7a6 /usr/lib/gcc/arm-none-eabi/4.9.3/../../../arm-none-eabi/lib/armv7-m/libc_nano.a(lib_a-exit.o)
 .debug_abbrev  0x0000000000000000      0x18b /usr/lib/gcc/arm-none-eabi/4.9.3/../../../arm-none-eabi/lib/armv7-m/libc_nano.a(lib_a-exit.o)
 .debug_loc     0x0000000000000000       0x1e /usr/lib/gcc/arm-none-eabi/4.9.3/../../../arm-none-eabi/lib/armv7-m/libc_nano.a(lib_a-exit.o)
 .debug_aranges
                0x0000000000000000       0x20 /usr/lib/gcc/arm-none-eabi/4.9.3/../../../arm-none-eabi/lib/armv7-m/libc_nano.a(lib_a-exit.o)
 .debug_ranges  0x0000000000000000       0x10 /usr/lib/gcc/arm-none-eabi/4.9.3/../../../arm-none-eabi/lib/armv7-m/libc_nano.a(lib_a-exit.o)
 .debug_line    0x0000000000000000      0x168 /usr/lib/gcc/arm-none-eabi/4.9.3/../../../arm-none-eabi/lib/armv7-m/libc_nano.a(lib_a-exit.o)
 .debug_str     0x0000000000000000      0x544 /usr/lib/gcc/arm-none-eabi/4.9.3/../../../arm-none-eabi/lib/armv7-m/libc_nano.a(lib_a-exit.o)
 .comment       0x0000000000000000       0x39 /usr/lib/gcc/arm-none-eabi/4.9.3/../../../arm-none-eabi/lib/armv7-m/libc_nano.a(lib_a-exit.o)
 .debug_frame   0x0000000000000000       0x28 /usr/lib/gcc/arm-none-eabi/4.9.3/../../../arm-none-eabi/lib/armv7-m/libc_nano.a(lib_a-exit.o)
 .ARM.attributes
                0x0000000000000000       0x2d /usr/lib/gcc/arm-none-eabi/4.9.3/../../../arm-none-eabi/lib/armv7-m/libc_nano.a(lib_a-exit.o)
 .text          0x0000000000000000        0x0 /usr/lib/gcc/arm-none-eabi/4.9.3/../../../arm-none-eabi/lib/armv7-m/libc_nano.a(lib_a-fini.o)
 .data          0x0000000000000000        0x0 /usr/lib/gcc/arm-none-eabi/4.9.3/../../../arm-none-eabi/lib/armv7-m/libc_nano.a(lib_a-fini.o)
 .bss           0x0000000000000000        0x0 /usr/lib/gcc/arm-none-eabi/4.9.3/../../../arm-none-eabi/lib/armv7-m/libc_nano.a(lib_a-fini.o)
 .text.__libc_fini_array
                0x0000000000000000       0x28 /usr/lib/gcc/arm-none-eabi/4.9.3/../../../arm-none-eabi/lib/armv7-m/libc_nano.a(lib_a-fini.o)
 .debug_info    0x0000000000000000       0xeb /usr/lib/gcc/arm-none-eabi/4.9.3/../../../arm-none-eabi/lib/armv7-m/libc_nano.a(lib_a-fini.o)
 .debug_abbrev  0x0000000000000000       0xbb /usr/lib/gcc/arm-none-eabi/4.9.3/../../../arm-none-eabi/lib/armv7-m/libc_nano.a(lib_a-fini.o)
 .debug_loc     0x0000000000000000       0x2b /usr/lib/gcc/arm-none-eabi/4.9.3/../../../arm-none-eabi/lib/armv7-m/libc_nano.a(lib_a-fini.o)
 .debug_aranges
                0x0000000000000000       0x20 /usr/lib/gcc/arm-none-eabi/4.9.3/../../../arm-none-eabi/lib/armv7-m/libc_nano.a(lib_a-fini.o)
 .debug_ranges  0x0000000000000000       0x10 /usr/lib/gcc/arm-none-eabi/4.9.3/../../../arm-none-eabi/lib/armv7-m/libc_nano.a(lib_a-fini.o)
 .debug_line    0x0000000000000000       0x9b /usr/lib/gcc/arm-none-eabi/4.9.3/../../../arm-none-eabi/lib/armv7-m/libc_nano.a(lib_a-fini.o)
 .debug_str     0x0000000000000000      0x207 /usr/lib/gcc/arm-none-eabi/4.9.3/../../../arm-none-eabi/lib/armv7-m/libc_nano.a(lib_a-fini.o)
 .comment       0x0000000000000000       0x39 /usr/lib/gcc/arm-none-eabi/4.9.3/../../../arm-none-eabi/lib/armv7-m/libc_nano.a(lib_a-fini.o)
 .debug_frame   0x0000000000000000       0x34 /usr/lib/gcc/arm-none-eabi/4.9.3/../../../arm-none-eabi/lib/armv7-m/libc_nano.a(lib_a-fini.o)
 .ARM.attributes
                0x0000000000000000       0x2d /usr/lib/gcc/arm-none-eabi/4.9.3/../../../arm-none-eabi/lib/armv7-m/libc_nano.a(lib_a-fini.o)
 .text          0x0000000000000000        0x0 /usr/lib/gcc/arm-none-eabi/4.9.3/../../../arm-none-eabi/lib/armv7-m/libc_nano.a(lib_a-impure.o)
 .data          0x0000000000000000        0x0 /usr/lib/gcc/arm-none-eabi/4.9.3/../../../arm-none-eabi/lib/armv7-m/libc_nano.a(lib_a-impure.o)
 .bss           0x0000000000000000        0x0 /usr/lib/gcc/arm-none-eabi/4.9.3/../../../arm-none-eabi/lib/armv7-m/libc_nano.a(lib_a-impure.o)
 .data.impure_data
                0x0000000000000000       0x60 /usr/lib/gcc/arm-none-eabi/4.9.3/../../../arm-none-eabi/lib/armv7-m/libc_nano.a(lib_a-impure.o)
 .data._impure_ptr
                0x0000000000000000        0x4 /usr/lib/gcc/arm-none-eabi/4.9.3/../../../arm-none-eabi/lib/armv7-m/libc_nano.a(lib_a-impure.o)
 .rodata.str1.1
                0x0000000000000000        0x2 /usr/lib/gcc/arm-none-eabi/4.9.3/../../../arm-none-eabi/lib/armv7-m/libc_nano.a(lib_a-impure.o)
 .rodata._global_impure_ptr
                0x0000000000000000        0x4 /usr/lib/gcc/arm-none-eabi/4.9.3/../../../arm-none-eabi/lib/armv7-m/libc_nano.a(lib_a-impure.o)
 .debug_info    0x0000000000000000      0x7d3 /usr/lib/gcc/arm-none-eabi/4.9.3/../../../arm-none-eabi/lib/armv7-m/libc_nano.a(lib_a-impure.o)
 .debug_abbrev  0x0000000000000000      0x136 /usr/lib/gcc/arm-none-eabi/4.9.3/../../../arm-none-eabi/lib/armv7-m/libc_nano.a(lib_a-impure.o)
 .debug_aranges
                0x0000000000000000       0x18 /usr/lib/gcc/arm-none-eabi/4.9.3/../../../arm-none-eabi/lib/armv7-m/libc_nano.a(lib_a-impure.o)
 .debug_line    0x0000000000000000       0xf1 /usr/lib/gcc/arm-none-eabi/4.9.3/../../../arm-none-eabi/lib/armv7-m/libc_nano.a(lib_a-impure.o)
 .debug_str     0x0000000000000000      0x57a /usr/lib/gcc/arm-none-eabi/4.9.3/../../../arm-none-eabi/lib/armv7-m/libc_nano.a(lib_a-impure.o)
 .comment       0x0000000000000000       0x39 /usr/lib/gcc/arm-none-eabi/4.9.3/../../../arm-none-eabi/lib/armv7-m/libc_nano.a(lib_a-impure.o)
 .ARM.attributes
                0x0000000000000000       0x2d /usr/lib/gcc/arm-none-eabi/4.9.3/../../../arm-none-eabi/lib/armv7-m/libc_nano.a(lib_a-impure.o)
 .text          0x0000000000000000        0x0 /usr/lib/gcc/arm-none-eabi/4.9.3/../../../arm-none-eabi/lib/armv7-m/libc_nano.a(lib_a-init.o)
 .data          0x0000000000000000        0x0 /usr/lib/gcc/arm-none-eabi/4.9.3/../../../arm-none-eabi/lib/armv7-m/libc_nano.a(lib_a-init.o)
 .bss           0x0000000000000000        0x0 /usr/lib/gcc/arm-none-eabi/4.9.3/../../../arm-none-eabi/lib/armv7-m/libc_nano.a(lib_a-init.o)
 .text          0x0000000000000000        0x0 /usr/lib/gcc/arm-none-eabi/4.9.3/../../../arm-none-eabi/lib/armv7-m/libc_nano.a(lib_a-memset.o)
 .data          0x0000000000000000        0x0 /usr/lib/gcc/arm-none-eabi/4.9.3/../../../arm-none-eabi/lib/armv7-m/libc_nano.a(lib_a-memset.o)
 .bss           0x0000000000000000        0x0 /usr/lib/gcc/arm-none-eabi/4.9.3/../../../arm-none-eabi/lib/armv7-m/libc_nano.a(lib_a-memset.o)
 .text.memset   0x0000000000000000       0x10 /usr/lib/gcc/arm-none-eabi/4.9.3/../../../arm-none-eabi/lib/armv7-m/libc_nano.a(lib_a-memset.o)
 .debug_info    0x0000000000000000       0xd3 /usr/lib/gcc/arm-none-eabi/4.9.3/../../../arm-none-eabi/lib/armv7-m/libc_nano.a(lib_a-memset.o)
 .debug_abbrev  0x0000000000000000       0x8e /usr/lib/gcc/arm-none-eabi/4.9.3/../../../arm-none-eabi/lib/armv7-m/libc_nano.a(lib_a-memset.o)
 .debug_loc     0x0000000000000000       0x49 /usr/lib/gcc/arm-none-eabi/4.9.3/../../../arm-none-eabi/lib/armv7-m/libc_nano.a(lib_a-memset.o)
 .debug_aranges
                0x0000000000000000       0x20 /usr/lib/gcc/arm-none-eabi/4.9.3/../../../arm-none-eabi/lib/armv7-m/libc_nano.a(lib_a-memset.o)
 .debug_ranges  0x0000000000000000       0x10 /usr/lib/gcc/arm-none-eabi/4.9.3/../../../arm-none-eabi/lib/armv7-m/libc_nano.a(lib_a-memset.o)
 .debug_line    0x0000000000000000       0xee /usr/lib/gcc/arm-none-eabi/4.9.3/../../../arm-none-eabi/lib/armv7-m/libc_nano.a(lib_a-memset.o)
 .debug_str     0x0000000000000000      0x1d2 /usr/lib/gcc/arm-none-eabi/4.9.3/../../../arm-none-eabi/lib/armv7-m/libc_nano.a(lib_a-memset.o)
 .comment       0x0000000000000000       0x39 /usr/lib/gcc/arm-none-eabi/4.9.3/../../../arm-none-eabi/lib/armv7-m/libc_nano.a(lib_a-memset.o)
 .debug_frame   0x0000000000000000       0x20 /usr/lib/gcc/arm-none-eabi/4.9.3/../../../arm-none-eabi/lib/armv7-m/libc_nano.a(lib_a-memset.o)
 .ARM.attributes
                0x0000000000000000       0x2d /usr/lib/gcc/arm-none-eabi/4.9.3/../../../arm-none-eabi/lib/armv7-m/libc_nano.a(lib_a-memset.o)
 .text          0x0000000000000000        0x0 /usr/lib/gcc/arm-none-eabi/4.9.3/../../../arm-none-eabi/lib/armv7-m/libc_nano.a(lib_a-__atexit.o)
 .data          0x0000000000000000        0x0 /usr/lib/gcc/arm-none-eabi/4.9.3/../../../arm-none-eabi/lib/armv7-m/libc_nano.a(lib_a-__atexit.o)
 .bss           0x0000000000000000        0x0 /usr/lib/gcc/arm-none-eabi/4.9.3/../../../arm-none-eabi/lib/armv7-m/libc_nano.a(lib_a-__atexit.o)
 .text.__register_exitproc
                0x0000000000000000       0xb8 /usr/lib/gcc/arm-none-eabi/4.9.3/../../../arm-none-eabi/lib/armv7-m/libc_nano.a(lib_a-__atexit.o)
 .bss._global_atexit0
                0x0000000000000000       0x8c /usr/lib/gcc/arm-none-eabi/4.9.3/../../../arm-none-eabi/lib/armv7-m/libc_nano.a(lib_a-__atexit.o)
 .data.__atexit_dummy
                0x0000000000000000        0x4 /usr/lib/gcc/arm-none-eabi/4.9.3/../../../arm-none-eabi/lib/armv7-m/libc_nano.a(lib_a-__atexit.o)
 .debug_info    0x0000000000000000      0x23b /usr/lib/gcc/arm-none-eabi/4.9.3/../../../arm-none-eabi/lib/armv7-m/libc_nano.a(lib_a-__atexit.o)
 .debug_abbrev  0x0000000000000000      0x180 /usr/lib/gcc/arm-none-eabi/4.9.3/../../../arm-none-eabi/lib/armv7-m/libc_nano.a(lib_a-__atexit.o)
 .debug_loc     0x0000000000000000      0x1a2 /usr/lib/gcc/arm-none-eabi/4.9.3/../../../arm-none-eabi/lib/armv7-m/libc_nano.a(lib_a-__atexit.o)
 .debug_aranges
                0x0000000000000000       0x20 /usr/lib/gcc/arm-none-eabi/4.9.3/../../../arm-none-eabi/lib/armv7-m/libc_nano.a(lib_a-__atexit.o)
 .debug_ranges  0x0000000000000000       0x10 /usr/lib/gcc/arm-none-eabi/4.9.3/../../../arm-none-eabi/lib/armv7-m/libc_nano.a(lib_a-__atexit.o)
 .debug_line    0x0000000000000000      0x17c /usr/lib/gcc/arm-none-eabi/4.9.3/../../../arm-none-eabi/lib/armv7-m/libc_nano.a(lib_a-__atexit.o)
 .debug_str     0x0000000000000000      0x2b5 /usr/lib/gcc/arm-none-eabi/4.9.3/../../../arm-none-eabi/lib/armv7-m/libc_nano.a(lib_a-__atexit.o)
 .comment       0x0000000000000000       0x39 /usr/lib/gcc/arm-none-eabi/4.9.3/../../../arm-none-eabi/lib/armv7-m/libc_nano.a(lib_a-__atexit.o)
 .debug_frame   0x0000000000000000       0x34 /usr/lib/gcc/arm-none-eabi/4.9.3/../../../arm-none-eabi/lib/armv7-m/libc_nano.a(lib_a-__atexit.o)
 .ARM.attributes
                0x0000000000000000       0x2d /usr/lib/gcc/arm-none-eabi/4.9.3/../../../arm-none-eabi/lib/armv7-m/libc_nano.a(lib_a-__atexit.o)
 .text          0x0000000000000000        0x0 /usr/lib/gcc/arm-none-eabi/4.9.3/../../../arm-none-eabi/lib/armv7-m/libc_nano.a(lib_a-__call_atexit.o)
 .data          0x0000000000000000        0x0 /usr/lib/gcc/arm-none-eabi/4.9.3/../../../arm-none-eabi/lib/armv7-m/libc_nano.a(lib_a-__call_atexit.o)
 .bss           0x0000000000000000        0x0 /usr/lib/gcc/arm-none-eabi/4.9.3/../../../arm-none-eabi/lib/armv7-m/libc_nano.a(lib_a-__call_atexit.o)
 .text.__call_exitprocs
                0x0000000000000000       0xd4 /usr/lib/gcc/arm-none-eabi/4.9.3/../../../arm-none-eabi/lib/armv7-m/libc_nano.a(lib_a-__call_atexit.o)
 .bss._global_atexit
                0x0000000000000000        0x4 /usr/lib/gcc/arm-none-eabi/4.9.3/../../../arm-none-eabi/lib/armv7-m/libc_nano.a(lib_a-__call_atexit.o)
 .debug_info    0x0000000000000000      0x241 /usr/lib/gcc/arm-none-eabi/4.9.3/../../../arm-none-eabi/lib/armv7-m/libc_nano.a(lib_a-__call_atexit.o)
 .debug_abbrev  0x0000000000000000      0x16d /usr/lib/gcc/arm-none-eabi/4.9.3/../../../arm-none-eabi/lib/armv7-m/libc_nano.a(lib_a-__call_atexit.o)
 .debug_loc     0x0000000000000000      0x16c /usr/lib/gcc/arm-none-eabi/4.9.3/../../../arm-none-eabi/lib/armv7-m/libc_nano.a(lib_a-__call_atexit.o)
 .debug_aranges
                0x0000000000000000       0x20 /usr/lib/gcc/arm-none-eabi/4.9.3/../../../arm-none-eabi/lib/armv7-m/libc_nano.a(lib_a-__call_atexit.o)
 .debug_ranges  0x0000000000000000       0x10 /usr/lib/gcc/arm-none-eabi/4.9.3/../../../arm-none-eabi/lib/armv7-m/libc_nano.a(lib_a-__call_atexit.o)
 .debug_line    0x0000000000000000      0x180 /usr/lib/gcc/arm-none-eabi/4.9.3/../../../arm-none-eabi/lib/armv7-m/libc_nano.a(lib_a-__call_atexit.o)
 .debug_str     0x0000000000000000      0x27b /usr/lib/gcc/arm-none-eabi/4.9.3/../../../arm-none-eabi/lib/armv7-m/libc_nano.a(lib_a-__call_atexit.o)
 .comment       0x0000000000000000       0x39 /usr/lib/gcc/arm-none-eabi/4.9.3/../../../arm-none-eabi/lib/armv7-m/libc_nano.a(lib_a-__call_atexit.o)
 .debug_frame   0x0000000000000000       0x3c /usr/lib/gcc/arm-none-eabi/4.9.3/../../../arm-none-eabi/lib/armv7-m/libc_nano.a(lib_a-__call_atexit.o)
 .ARM.attributes
                0x0000000000000000       0x2d /usr/lib/gcc/arm-none-eabi/4.9.3/../../../arm-none-eabi/lib/armv7-m/libc_nano.a(lib_a-__call_atexit.o)
 .text          0x0000000000000000        0x0 /usr/lib/gcc/arm-none-eabi/4.9.3/../../../arm-none-eabi/lib/armv7-m/libnosys.a(_exit.o)
 .data          0x0000000000000000        0x0 /usr/lib/gcc/arm-none-eabi/4.9.3/../../../arm-none-eabi/lib/armv7-m/libnosys.a(_exit.o)
 .bss           0x0000000000000000        0x0 /usr/lib/gcc/arm-none-eabi/4.9.3/../../../arm-none-eabi/lib/armv7-m/libnosys.a(_exit.o)
 .text._exit    0x0000000000000000        0x4 /usr/lib/gcc/arm-none-eabi/4.9.3/../../../arm-none-eabi/lib/armv7-m/libnosys.a(_exit.o)
 .debug_info    0x0000000000000000       0x58 /usr/lib/gcc/arm-none-eabi/4.9.3/../../../arm-none-eabi/lib/armv7-m/libnosys.a(_exit.o)
 .debug_abbrev  0x0000000000000000       0x55 /usr/lib/gcc/arm-none-eabi/4.9.3/../../../arm-none-eabi/lib/armv7-m/libnosys.a(_exit.o)
 .debug_aranges
                0x0000000000000000       0x20 /usr/lib/gcc/arm-none-eabi/4.9.3/../../../arm-none-eabi/lib/armv7-m/libnosys.a(_exit.o)
 .debug_ranges  0x0000000000000000       0x10 /usr/lib/gcc/arm-none-eabi/4.9.3/../../../arm-none-eabi/lib/armv7-m/libnosys.a(_exit.o)
 .debug_line    0x0000000000000000       0x5d /usr/lib/gcc/arm-none-eabi/4.9.3/../../../arm-none-eabi/lib/armv7-m/libnosys.a(_exit.o)
 .debug_str     0x0000000000000000      0x102 /usr/lib/gcc/arm-none-eabi/4.9.3/../../../arm-none-eabi/lib/armv7-m/libnosys.a(_exit.o)
 .comment       0x0000000000000000       0x39 /usr/lib/gcc/arm-none-eabi/4.9.3/../../../arm-none-eabi/lib/armv7-m/libnosys.a(_exit.o)
 .debug_frame   0x0000000000000000       0x20 /usr/lib/gcc/arm-none-eabi/4.9.3/../../../arm-none-eabi/lib/armv7-m/libnosys.a(_exit.o)
 .ARM.attributes
                0x0000000000000000       0x2d /usr/lib/gcc/arm-none-eabi/4.9.3/../../../arm-none-eabi/lib/armv7-m/libnosys.a(_exit.o)
 .text          0x0000000000000000        0x0 /usr/lib/gcc/arm-none-eabi/4.9.3/armv7-m/crtend.o
 .data          0x0000000000000000        0x0 /usr/lib/gcc/arm-none-eabi/4.9.3/armv7-m/crtend.o
 .bss           0x0000000000000000        0x0 /usr/lib/gcc/arm-none-eabi/4.9.3/armv7-m/crtend.o
 .eh_frame      0x0000000000000000        0x4 /usr/lib/gcc/arm-none-eabi/4.9.3/armv7-m/crtend.o
 .jcr           0x0000000000000000        0x4 /usr/lib/gcc/arm-none-eabi/4.9.3/armv7-m/crtend.o
 .text          0x0000000000000000        0x0 /usr/lib/gcc/arm-none-eabi/4.9.3/armv7-m/crtn.o
 .data          0x0000000000000000        0x0 /usr/lib/gcc/arm-none-eabi/4.9.3/armv7-m/crtn.o
 .bss           0x0000000000000000        0x0 /usr/lib/gcc/arm-none-eabi/4.9.3/armv7-m/crtn.o

Memory Configuration

Name             Origin             Length             Attributes
FLASH            0x0000000008000000 0x0000000000008000 xr
RAM              0x0000000020000000 0x0000000000002800 xrw
*default*        0x0000000000000000 0xffffffffffffffff

Linker script and memory map

LOAD /usr/lib/gcc/arm-none-eabi/4.9.3/armv7-m/crti.o
LOAD /usr/lib/gcc/arm-none-eabi/4.9.3/armv7-m/crtbegin.o
LOAD /usr/lib/gcc/arm-none-eabi/4.9.3/../../../arm-none-eabi/lib/armv7-m/crt0.o
LOAD ./core/bin/libmodcore.a
LOAD ./lib/stm32f1hal/bin/libstm32f1hal.a
LOAD /usr/lib/gcc/arm-none-eabi/4.9.3/../../../arm-none-eabi/lib/armv7-m/libc_nano.a
LOAD /usr/lib/gcc/arm-none-eabi/4.9.3/../../../arm-none-eabi/lib/armv7-m/libm.a
LOAD /usr/lib/gcc/arm-none-eabi/4.9.3/../../../arm-none-eabi/lib/armv7-m/libnosys.a
START GROUP
LOAD /usr/lib/gcc/arm-none-eabi/4.9.3/armv7-m/libgcc.a
LOAD /usr/lib/gcc/arm-none-eabi/4.9.3/../../../arm-none-eabi/lib/armv7-m/libc_nano.a
END GROUP
START GROUP
LOAD /usr/lib/gcc/arm-none-eabi/4.9.3/armv7-m/libgcc.a
LOAD /usr/lib/gcc/arm-none-eabi/4.9.3/../../../arm-none-eabi/lib/armv7-m/libc_nano.a
END GROUP
LOAD /usr/lib/gcc/arm-none-eabi/4.9.3/armv7-m/crtend.o
LOAD /usr/lib/gcc/arm-none-eabi/4.9.3/armv7-m/crtn.o
                0x00000000200027ff                _estack = 0x200027ff
                0x0000000000000200                _Min_Heap_Size = 0x200
                0x0000000000000400                _Min_Stack_Size = 0x400

.isr_vector     0x0000000008000000      0x10c
                0x0000000008000000                . = ALIGN (0x4)
 *(.isr_vector)
 .isr_vector    0x0000000008000000      0x10c ./core/bin/libmodcore.a(startup_stm32f103x6.o)
                0x0000000008000000                g_pfnVectors
                0x000000000800010c                . = ALIGN (0x4)

.text           0x000000000800010c      0x998
                0x000000000800010c                . = ALIGN (0x4)
 *(.text)
 .text          0x000000000800010c       0xa4 /usr/lib/gcc/arm-none-eabi/4.9.3/armv7-m/crtbegin.o
 *(.text*)
 .text.main     0x00000000080001b0        0xc ./core/bin/libmodcore.a(main.o)
                0x00000000080001b0                main
 .text.SYS_Clock_Init
                0x00000000080001bc       0x70 ./core/bin/libmodcore.a(sys_clock.o)
                0x00000000080001bc                SYS_Clock_Init
 .text.SYS_ThrowError
                0x000000000800022c        0x8 ./core/bin/libmodcore.a(sys_error.o)
                0x000000000800022c                SYS_ThrowError
 .text.Reset_Handler
                0x0000000008000234       0x48 ./core/bin/libmodcore.a(startup_stm32f103x6.o)
                0x0000000008000234                Reset_Handler
 .text.Default_Handler
                0x000000000800027c        0x2 ./core/bin/libmodcore.a(startup_stm32f103x6.o)
                0x000000000800027c                RTC_Alarm_IRQHandler
                0x000000000800027c                EXTI2_IRQHandler
                0x000000000800027c                DebugMon_Handler
                0x000000000800027c                TIM1_CC_IRQHandler
                0x000000000800027c                HardFault_Handler
                0x000000000800027c                SysTick_Handler
                0x000000000800027c                PVD_IRQHandler
                0x000000000800027c                PendSV_Handler
                0x000000000800027c                NMI_Handler
                0x000000000800027c                EXTI3_IRQHandler
                0x000000000800027c                EXTI0_IRQHandler
                0x000000000800027c                UsageFault_Handler
                0x000000000800027c                ADC1_2_IRQHandler
                0x000000000800027c                SPI1_IRQHandler
                0x000000000800027c                TAMPER_IRQHandler
                0x000000000800027c                DMA1_Channel4_IRQHandler
                0x000000000800027c                RTC_IRQHandler
                0x000000000800027c                DMA1_Channel7_IRQHandler
                0x000000000800027c                CAN1_RX1_IRQHandler
                0x000000000800027c                I2C1_EV_IRQHandler
                0x000000000800027c                DMA1_Channel6_IRQHandler
                0x000000000800027c                TIM3_IRQHandler
                0x000000000800027c                RCC_IRQHandler
                0x000000000800027c                TIM1_TRG_COM_IRQHandler
                0x000000000800027c                DMA1_Channel1_IRQHandler
                0x000000000800027c                Default_Handler
                0x000000000800027c                EXTI15_10_IRQHandler
                0x000000000800027c                EXTI9_5_IRQHandler
                0x000000000800027c                MemManage_Handler
                0x000000000800027c                SVC_Handler
                0x000000000800027c                DMA1_Channel5_IRQHandler
                0x000000000800027c                EXTI4_IRQHandler
                0x000000000800027c                USB_LP_CAN1_RX0_IRQHandler
                0x000000000800027c                USB_HP_CAN1_TX_IRQHandler
                0x000000000800027c                DMA1_Channel3_IRQHandler
                0x000000000800027c                TIM1_UP_IRQHandler
                0x000000000800027c                WWDG_IRQHandler
                0x000000000800027c                TIM2_IRQHandler
                0x000000000800027c                TIM1_BRK_IRQHandler
                0x000000000800027c                EXTI1_IRQHandler
                0x000000000800027c                USART2_IRQHandler
                0x000000000800027c                DMA1_Channel2_IRQHandler
                0x000000000800027c                CAN1_SCE_IRQHandler
                0x000000000800027c                FLASH_IRQHandler
                0x000000000800027c                BusFault_Handler
                0x000000000800027c                USART1_IRQHandler
                0x000000000800027c                I2C1_ER_IRQHandler
                0x000000000800027c                USBWakeUp_IRQHandler
 *fill*         0x000000000800027e        0x2 
 .text.SystemInit
                0x0000000008000280       0x4c ./core/bin/libmodcore.a(sys_init.o)
                0x0000000008000280                SystemInit
 .text.HAL_MspInit
                0x00000000080002cc        0x4 ./lib/stm32f1hal/bin/libstm32f1hal.a(stm32f1xx_hal.o)
                0x00000000080002cc                HAL_MspInit
 .text.HAL_InitTick
                0x00000000080002d0       0x4c ./lib/stm32f1hal/bin/libstm32f1hal.a(stm32f1xx_hal.o)
                0x00000000080002d0                HAL_InitTick
 .text.HAL_Init
                0x000000000800031c       0x24 ./lib/stm32f1hal/bin/libstm32f1hal.a(stm32f1xx_hal.o)
                0x000000000800031c                HAL_Init
 .text.HAL_GetTick
                0x0000000008000340        0xc ./lib/stm32f1hal/bin/libstm32f1hal.a(stm32f1xx_hal.o)
                0x0000000008000340                HAL_GetTick
 .text.HAL_NVIC_SetPriorityGrouping
                0x000000000800034c       0x24 ./lib/stm32f1hal/bin/libstm32f1hal.a(stm32f1xx_hal_cortex.o)
                0x000000000800034c                HAL_NVIC_SetPriorityGrouping
 .text.HAL_NVIC_SetPriority
                0x0000000008000370       0x64 ./lib/stm32f1hal/bin/libstm32f1hal.a(stm32f1xx_hal_cortex.o)
                0x0000000008000370                HAL_NVIC_SetPriority
 .text.HAL_SYSTICK_Config
                0x00000000080003d4       0x2c ./lib/stm32f1hal/bin/libstm32f1hal.a(stm32f1xx_hal_cortex.o)
                0x00000000080003d4                HAL_SYSTICK_Config
 .text.RCC_Delay
                0x0000000008000400       0x2c ./lib/stm32f1hal/bin/libstm32f1hal.a(stm32f1xx_hal_rcc.o)
 .text.HAL_RCC_OscConfig
                0x000000000800042c      0x434 ./lib/stm32f1hal/bin/libstm32f1hal.a(stm32f1xx_hal_rcc.o)
                0x000000000800042c                HAL_RCC_OscConfig
 .text.HAL_RCC_GetSysClockFreq
                0x0000000008000860       0x70 ./lib/stm32f1hal/bin/libstm32f1hal.a(stm32f1xx_hal_rcc.o)
                0x0000000008000860                HAL_RCC_GetSysClockFreq
 .text.HAL_RCC_ClockConfig
                0x00000000080008d0      0x170 ./lib/stm32f1hal/bin/libstm32f1hal.a(stm32f1xx_hal_rcc.o)
                0x00000000080008d0                HAL_RCC_ClockConfig
 .text.__libc_init_array
                0x0000000008000a40       0x4c /usr/lib/gcc/arm-none-eabi/4.9.3/../../../arm-none-eabi/lib/armv7-m/libc_nano.a(lib_a-init.o)
                0x0000000008000a40                __libc_init_array
 *(.glue_7)
 .glue_7        0x0000000008000a8c        0x0 linker stubs
 *(.glue_7t)
 .glue_7t       0x0000000008000a8c        0x0 linker stubs
 *(.eh_frame)
 .eh_frame      0x0000000008000a8c        0x0 /usr/lib/gcc/arm-none-eabi/4.9.3/armv7-m/crtbegin.o
 *(.init)
 .init          0x0000000008000a8c        0x4 /usr/lib/gcc/arm-none-eabi/4.9.3/armv7-m/crti.o
                0x0000000008000a8c                _init
 .init          0x0000000008000a90        0x8 /usr/lib/gcc/arm-none-eabi/4.9.3/armv7-m/crtn.o
 *(.fini)
 .fini          0x0000000008000a98        0x4 /usr/lib/gcc/arm-none-eabi/4.9.3/armv7-m/crti.o
                0x0000000008000a98                _fini
 .fini          0x0000000008000a9c        0x8 /usr/lib/gcc/arm-none-eabi/4.9.3/armv7-m/crtn.o
                0x0000000008000aa4                . = ALIGN (0x4)
                0x0000000008000aa4                _etext = .

.vfp11_veneer   0x0000000008000aa4        0x0
 .vfp11_veneer  0x0000000008000aa4        0x0 linker stubs

.v4_bx          0x0000000008000aa4        0x0
 .v4_bx         0x0000000008000aa4        0x0 linker stubs

.iplt           0x0000000008000aa4        0x0
 .iplt          0x0000000008000aa4        0x0 /usr/lib/gcc/arm-none-eabi/4.9.3/armv7-m/crtbegin.o

.rodata         0x0000000008000aa4       0x54
                0x0000000008000aa4                . = ALIGN (0x4)
 *(.rodata)
 .rodata        0x0000000008000aa4       0x12 ./lib/stm32f1hal/bin/libstm32f1hal.a(stm32f1xx_hal_rcc.o)
 *(.rodata*)
 *fill*         0x0000000008000ab6        0x2 
 .rodata.str1.4
                0x0000000008000ab8       0x30 ./core/bin/libmodcore.a(sys_clock.o)
                                         0x2f (size before relaxing)
 .rodata.AHBPrescTable
                0x0000000008000ae8       0x10 ./core/bin/libmodcore.a(sys_init.o)
                0x0000000008000ae8                AHBPrescTable
                0x0000000008000af8                . = ALIGN (0x4)

.rel.dyn        0x0000000008000af8        0x0
 .rel.iplt      0x0000000008000af8        0x0 /usr/lib/gcc/arm-none-eabi/4.9.3/armv7-m/crtbegin.o

.ARM.extab
 *(.ARM.extab* .gnu.linkonce.armextab.*)

.ARM            0x0000000008000af8        0x0
                0x0000000008000af8                __exidx_start = .
 *(.ARM.exidx*)
                0x0000000008000af8                __exidx_end = .

.preinit_array  0x0000000008000af8        0x0
                0x0000000008000af8                PROVIDE (__preinit_array_start, .)
 *(.preinit_array*)
                0x0000000008000af8                PROVIDE (__preinit_array_end, .)

.init_array     0x0000000008000af8        0x4
                0x0000000008000af8                PROVIDE (__init_array_start, .)
 *(SORT(.init_array.*))
 *(.init_array*)
 .init_array    0x0000000008000af8        0x4 /usr/lib/gcc/arm-none-eabi/4.9.3/armv7-m/crtbegin.o
                0x0000000008000afc                PROVIDE (__init_array_end, .)

.fini_array     0x0000000008000afc        0x4
                0x0000000008000afc                PROVIDE (__fini_array_start, .)
 *(SORT(.fini_array.*))
 *(.fini_array*)
 .fini_array    0x0000000008000afc        0x4 /usr/lib/gcc/arm-none-eabi/4.9.3/armv7-m/crtbegin.o
                0x0000000008000b00                PROVIDE (__fini_array_end, .)
                0x0000000008000b00                _sidata = LOADADDR (.data)

.data           0x0000000020000000        0xc load address 0x0000000008000b00
                0x0000000020000000                . = ALIGN (0x4)
                0x0000000020000000                _sdata = .
 *(.data)
 *(.data*)
 .data.SystemCoreClock
                0x0000000020000000        0x4 ./core/bin/libmodcore.a(sys_init.o)
                0x0000000020000000                SystemCoreClock
 .data.uwTickPrio
                0x0000000020000004        0x4 ./lib/stm32f1hal/bin/libstm32f1hal.a(stm32f1xx_hal.o)
                0x0000000020000004                uwTickPrio
 .data.uwTickFreq
                0x0000000020000008        0x1 ./lib/stm32f1hal/bin/libstm32f1hal.a(stm32f1xx_hal.o)
                0x0000000020000008                uwTickFreq
                0x000000002000000c                . = ALIGN (0x4)
 *fill*         0x0000000020000009        0x3 
                0x000000002000000c                _edata = .

.jcr            0x000000002000000c        0x0 load address 0x0000000008000b0c
 .jcr           0x000000002000000c        0x0 /usr/lib/gcc/arm-none-eabi/4.9.3/armv7-m/crtbegin.o

.tm_clone_table
                0x000000002000000c        0x0 load address 0x0000000008000b0c
 .tm_clone_table
                0x000000002000000c        0x0 /usr/lib/gcc/arm-none-eabi/4.9.3/armv7-m/crtbegin.o
 .tm_clone_table
                0x000000002000000c        0x0 /usr/lib/gcc/arm-none-eabi/4.9.3/armv7-m/crtend.o

.igot.plt       0x000000002000000c        0x0 load address 0x0000000008000b0c
 .igot.plt      0x000000002000000c        0x0 /usr/lib/gcc/arm-none-eabi/4.9.3/armv7-m/crtbegin.o
                0x000000002000000c                . = ALIGN (0x4)

.bss            0x000000002000000c       0x20 load address 0x0000000008000b0c
                0x000000002000000c                _sbss = .
                0x000000002000000c                __bss_start__ = _sbss
 *(.bss)
 .bss           0x000000002000000c       0x1c /usr/lib/gcc/arm-none-eabi/4.9.3/armv7-m/crtbegin.o
 *(.bss*)
 *(COMMON)
 COMMON         0x0000000020000028        0x4 ./lib/stm32f1hal/bin/libstm32f1hal.a(stm32f1xx_hal.o)
                0x0000000020000028                uwTick
                0x000000002000002c                . = ALIGN (0x4)
                0x000000002000002c                _ebss = .
                0x000000002000002c                __bss_end__ = _ebss

._user_heap_stack
                0x000000002000002c      0x604 load address 0x0000000008000b0c
                0x0000000020000030                . = ALIGN (0x8)
 *fill*         0x000000002000002c        0x4 
                [!provide]                        PROVIDE (end, .)
                [!provide]                        PROVIDE (_end, .)
                0x0000000020000230                . = (. + _Min_Heap_Size)
 *fill*         0x0000000020000030      0x200 
                0x0000000020000630                . = (. + _Min_Stack_Size)
 *fill*         0x0000000020000230      0x400 
                0x0000000020000630                . = ALIGN (0x8)

/DISCARD/
 libc.a(*)
 libm.a(*)
 libgcc.a(*)

.ARM.attributes
                0x0000000000000000       0x29
 *(.ARM.attributes)
 .ARM.attributes
                0x0000000000000000       0x1d /usr/lib/gcc/arm-none-eabi/4.9.3/armv7-m/crti.o
 .ARM.attributes
                0x000000000000001d       0x2d /usr/lib/gcc/arm-none-eabi/4.9.3/armv7-m/crtbegin.o
 .ARM.attributes
                0x000000000000004a       0x33 ./core/bin/libmodcore.a(main.o)
 .ARM.attributes
                0x000000000000007d       0x33 ./core/bin/libmodcore.a(sys_clock.o)
 .ARM.attributes
                0x00000000000000b0       0x33 ./core/bin/libmodcore.a(sys_error.o)
 .ARM.attributes
                0x00000000000000e3       0x21 ./core/bin/libmodcore.a(startup_stm32f103x6.o)
 .ARM.attributes
                0x0000000000000104       0x33 ./core/bin/libmodcore.a(sys_init.o)
 .ARM.attributes
                0x0000000000000137       0x33 ./lib/stm32f1hal/bin/libstm32f1hal.a(stm32f1xx_hal.o)
 .ARM.attributes
                0x000000000000016a       0x33 ./lib/stm32f1hal/bin/libstm32f1hal.a(stm32f1xx_hal_cortex.o)
 .ARM.attributes
                0x000000000000019d       0x33 ./lib/stm32f1hal/bin/libstm32f1hal.a(stm32f1xx_hal_rcc.o)
 .ARM.attributes
                0x00000000000001d0       0x2d /usr/lib/gcc/arm-none-eabi/4.9.3/../../../arm-none-eabi/lib/armv7-m/libc_nano.a(lib_a-init.o)
 .ARM.attributes
                0x00000000000001fd       0x2d /usr/lib/gcc/arm-none-eabi/4.9.3/armv7-m/crtend.o
 .ARM.attributes
                0x000000000000022a       0x1d /usr/lib/gcc/arm-none-eabi/4.9.3/armv7-m/crtn.o
OUTPUT(./flash/stm32tctst.elf elf32-littlearm)

.comment        0x0000000000000000       0x70
 .comment       0x0000000000000000       0x38 /usr/lib/gcc/arm-none-eabi/4.9.3/armv7-m/crtbegin.o
                                         0x39 (size before relaxing)
 .comment       0x0000000000000038       0x39 ./core/bin/libmodcore.a(main.o)
 .comment       0x0000000000000038       0x39 ./core/bin/libmodcore.a(sys_clock.o)
 .comment       0x0000000000000038       0x39 ./core/bin/libmodcore.a(sys_error.o)
 .comment       0x0000000000000038       0x39 ./core/bin/libmodcore.a(sys_init.o)
 .comment       0x0000000000000038       0x39 ./lib/stm32f1hal/bin/libstm32f1hal.a(stm32f1xx_hal.o)
 .comment       0x0000000000000038       0x39 ./lib/stm32f1hal/bin/libstm32f1hal.a(stm32f1xx_hal_cortex.o)
 .comment       0x0000000000000038       0x39 ./lib/stm32f1hal/bin/libstm32f1hal.a(stm32f1xx_hal_rcc.o)
 .comment       0x0000000000000038       0x38 /usr/lib/gcc/arm-none-eabi/4.9.3/../../../arm-none-eabi/lib/armv7-m/libc_nano.a(lib_a-init.o)
                                         0x39 (size before relaxing)
 .comment       0x0000000000000070       0x39 /usr/lib/gcc/arm-none-eabi/4.9.3/armv7-m/crtend.o

.debug_info     0x0000000000000000      0x105
 .debug_info    0x0000000000000000      0x105 /usr/lib/gcc/arm-none-eabi/4.9.3/../../../arm-none-eabi/lib/armv7-m/libc_nano.a(lib_a-init.o)

.debug_abbrev   0x0000000000000000       0xba
 .debug_abbrev  0x0000000000000000       0xba /usr/lib/gcc/arm-none-eabi/4.9.3/../../../arm-none-eabi/lib/armv7-m/libc_nano.a(lib_a-init.o)

.debug_loc      0x0000000000000000       0x48
 .debug_loc     0x0000000000000000       0x48 /usr/lib/gcc/arm-none-eabi/4.9.3/../../../arm-none-eabi/lib/armv7-m/libc_nano.a(lib_a-init.o)

.debug_aranges  0x0000000000000000       0x20
 .debug_aranges
                0x0000000000000000       0x20 /usr/lib/gcc/arm-none-eabi/4.9.3/../../../arm-none-eabi/lib/armv7-m/libc_nano.a(lib_a-init.o)

.debug_ranges   0x0000000000000000       0x10
 .debug_ranges  0x0000000000000000       0x10 /usr/lib/gcc/arm-none-eabi/4.9.3/../../../arm-none-eabi/lib/armv7-m/libc_nano.a(lib_a-init.o)

.debug_line     0x0000000000000000       0xb7
 .debug_line    0x0000000000000000       0xb7 /usr/lib/gcc/arm-none-eabi/4.9.3/../../../arm-none-eabi/lib/armv7-m/libc_nano.a(lib_a-init.o)

.debug_str      0x0000000000000000      0x1f8
 .debug_str     0x0000000000000000      0x1f8 /usr/lib/gcc/arm-none-eabi/4.9.3/../../../arm-none-eabi/lib/armv7-m/libc_nano.a(lib_a-init.o)
                                        0x231 (size before relaxing)

.debug_frame    0x0000000000000000       0x2c
 .debug_frame   0x0000000000000000       0x2c /usr/lib/gcc/arm-none-eabi/4.9.3/../../../arm-none-eabi/lib/armv7-m/libc_nano.a(lib_a-init.o)

Cross Reference Table

Symbol                                            File
ADC1_2_IRQHandler                                 ./core/bin/libmodcore.a(startup_stm32f103x6.o)
AHBPrescTable                                     ./core/bin/libmodcore.a(sys_init.o)
                                                  ./lib/stm32f1hal/bin/libstm32f1hal.a(stm32f1xx_hal_rcc.o)
APBPrescTable                                     ./core/bin/libmodcore.a(sys_init.o)
                                                  ./lib/stm32f1hal/bin/libstm32f1hal.a(stm32f1xx_hal_rcc.o)
BusFault_Handler                                  ./core/bin/libmodcore.a(startup_stm32f103x6.o)
CAN1_RX1_IRQHandler                               ./core/bin/libmodcore.a(startup_stm32f103x6.o)
CAN1_SCE_IRQHandler                               ./core/bin/libmodcore.a(startup_stm32f103x6.o)
DMA1_Channel1_IRQHandler                          ./core/bin/libmodcore.a(startup_stm32f103x6.o)
DMA1_Channel2_IRQHandler                          ./core/bin/libmodcore.a(startup_stm32f103x6.o)
DMA1_Channel3_IRQHandler                          ./core/bin/libmodcore.a(startup_stm32f103x6.o)
DMA1_Channel4_IRQHandler                          ./core/bin/libmodcore.a(startup_stm32f103x6.o)
DMA1_Channel5_IRQHandler                          ./core/bin/libmodcore.a(startup_stm32f103x6.o)
DMA1_Channel6_IRQHandler                          ./core/bin/libmodcore.a(startup_stm32f103x6.o)
DMA1_Channel7_IRQHandler                          ./core/bin/libmodcore.a(startup_stm32f103x6.o)
DebugMon_Handler                                  ./core/bin/libmodcore.a(startup_stm32f103x6.o)
Default_Handler                                   ./core/bin/libmodcore.a(startup_stm32f103x6.o)
EXTI0_IRQHandler                                  ./core/bin/libmodcore.a(startup_stm32f103x6.o)
EXTI15_10_IRQHandler                              ./core/bin/libmodcore.a(startup_stm32f103x6.o)
EXTI1_IRQHandler                                  ./core/bin/libmodcore.a(startup_stm32f103x6.o)
EXTI2_IRQHandler                                  ./core/bin/libmodcore.a(startup_stm32f103x6.o)
EXTI3_IRQHandler                                  ./core/bin/libmodcore.a(startup_stm32f103x6.o)
EXTI4_IRQHandler                                  ./core/bin/libmodcore.a(startup_stm32f103x6.o)
EXTI9_5_IRQHandler                                ./core/bin/libmodcore.a(startup_stm32f103x6.o)
FLASH_IRQHandler                                  ./core/bin/libmodcore.a(startup_stm32f103x6.o)
HAL_DBGMCU_DisableDBGSleepMode                    ./lib/stm32f1hal/bin/libstm32f1hal.a(stm32f1xx_hal.o)
HAL_DBGMCU_DisableDBGStandbyMode                  ./lib/stm32f1hal/bin/libstm32f1hal.a(stm32f1xx_hal.o)
HAL_DBGMCU_DisableDBGStopMode                     ./lib/stm32f1hal/bin/libstm32f1hal.a(stm32f1xx_hal.o)
HAL_DBGMCU_EnableDBGSleepMode                     ./lib/stm32f1hal/bin/libstm32f1hal.a(stm32f1xx_hal.o)
HAL_DBGMCU_EnableDBGStandbyMode                   ./lib/stm32f1hal/bin/libstm32f1hal.a(stm32f1xx_hal.o)
HAL_DBGMCU_EnableDBGStopMode                      ./lib/stm32f1hal/bin/libstm32f1hal.a(stm32f1xx_hal.o)
HAL_DeInit                                        ./lib/stm32f1hal/bin/libstm32f1hal.a(stm32f1xx_hal.o)
HAL_Delay                                         ./lib/stm32f1hal/bin/libstm32f1hal.a(stm32f1xx_hal.o)
HAL_GPIO_DeInit                                   ./lib/stm32f1hal/bin/libstm32f1hal.a(stm32f1xx_hal_gpio.o)
HAL_GPIO_EXTI_Callback                            ./lib/stm32f1hal/bin/libstm32f1hal.a(stm32f1xx_hal_gpio.o)
HAL_GPIO_EXTI_IRQHandler                          ./lib/stm32f1hal/bin/libstm32f1hal.a(stm32f1xx_hal_gpio.o)
HAL_GPIO_Init                                     ./lib/stm32f1hal/bin/libstm32f1hal.a(stm32f1xx_hal_gpio.o)
                                                  ./lib/stm32f1hal/bin/libstm32f1hal.a(stm32f1xx_hal_rcc.o)
HAL_GPIO_LockPin                                  ./lib/stm32f1hal/bin/libstm32f1hal.a(stm32f1xx_hal_gpio.o)
HAL_GPIO_ReadPin                                  ./lib/stm32f1hal/bin/libstm32f1hal.a(stm32f1xx_hal_gpio.o)
HAL_GPIO_TogglePin                                ./lib/stm32f1hal/bin/libstm32f1hal.a(stm32f1xx_hal_gpio.o)
HAL_GPIO_WritePin                                 ./lib/stm32f1hal/bin/libstm32f1hal.a(stm32f1xx_hal_gpio.o)
HAL_GetDEVID                                      ./lib/stm32f1hal/bin/libstm32f1hal.a(stm32f1xx_hal.o)
HAL_GetHalVersion                                 ./lib/stm32f1hal/bin/libstm32f1hal.a(stm32f1xx_hal.o)
HAL_GetREVID                                      ./lib/stm32f1hal/bin/libstm32f1hal.a(stm32f1xx_hal.o)
HAL_GetTick                                       ./lib/stm32f1hal/bin/libstm32f1hal.a(stm32f1xx_hal.o)
                                                  ./lib/stm32f1hal/bin/libstm32f1hal.a(stm32f1xx_hal_rcc.o)
HAL_GetTickFreq                                   ./lib/stm32f1hal/bin/libstm32f1hal.a(stm32f1xx_hal.o)
HAL_GetTickPrio                                   ./lib/stm32f1hal/bin/libstm32f1hal.a(stm32f1xx_hal.o)
HAL_GetUIDw0                                      ./lib/stm32f1hal/bin/libstm32f1hal.a(stm32f1xx_hal.o)
HAL_GetUIDw1                                      ./lib/stm32f1hal/bin/libstm32f1hal.a(stm32f1xx_hal.o)
HAL_GetUIDw2                                      ./lib/stm32f1hal/bin/libstm32f1hal.a(stm32f1xx_hal.o)
HAL_IncTick                                       ./lib/stm32f1hal/bin/libstm32f1hal.a(stm32f1xx_hal.o)
HAL_Init                                          ./lib/stm32f1hal/bin/libstm32f1hal.a(stm32f1xx_hal.o)
                                                  ./core/bin/libmodcore.a(main.o)
HAL_InitTick                                      ./lib/stm32f1hal/bin/libstm32f1hal.a(stm32f1xx_hal.o)
                                                  ./lib/stm32f1hal/bin/libstm32f1hal.a(stm32f1xx_hal_rcc.o)
HAL_MspDeInit                                     ./lib/stm32f1hal/bin/libstm32f1hal.a(stm32f1xx_hal.o)
HAL_MspInit                                       ./lib/stm32f1hal/bin/libstm32f1hal.a(stm32f1xx_hal.o)
HAL_NVIC_ClearPendingIRQ                          ./lib/stm32f1hal/bin/libstm32f1hal.a(stm32f1xx_hal_cortex.o)
HAL_NVIC_DisableIRQ                               ./lib/stm32f1hal/bin/libstm32f1hal.a(stm32f1xx_hal_cortex.o)
HAL_NVIC_EnableIRQ                                ./lib/stm32f1hal/bin/libstm32f1hal.a(stm32f1xx_hal_cortex.o)
HAL_NVIC_GetActive                                ./lib/stm32f1hal/bin/libstm32f1hal.a(stm32f1xx_hal_cortex.o)
HAL_NVIC_GetPendingIRQ                            ./lib/stm32f1hal/bin/libstm32f1hal.a(stm32f1xx_hal_cortex.o)
HAL_NVIC_GetPriority                              ./lib/stm32f1hal/bin/libstm32f1hal.a(stm32f1xx_hal_cortex.o)
HAL_NVIC_GetPriorityGrouping                      ./lib/stm32f1hal/bin/libstm32f1hal.a(stm32f1xx_hal_cortex.o)
HAL_NVIC_SetPendingIRQ                            ./lib/stm32f1hal/bin/libstm32f1hal.a(stm32f1xx_hal_cortex.o)
HAL_NVIC_SetPriority                              ./lib/stm32f1hal/bin/libstm32f1hal.a(stm32f1xx_hal_cortex.o)
                                                  ./lib/stm32f1hal/bin/libstm32f1hal.a(stm32f1xx_hal.o)
HAL_NVIC_SetPriorityGrouping                      ./lib/stm32f1hal/bin/libstm32f1hal.a(stm32f1xx_hal_cortex.o)
                                                  ./lib/stm32f1hal/bin/libstm32f1hal.a(stm32f1xx_hal.o)
HAL_NVIC_SystemReset                              ./lib/stm32f1hal/bin/libstm32f1hal.a(stm32f1xx_hal_cortex.o)
HAL_RCC_CSSCallback                               ./lib/stm32f1hal/bin/libstm32f1hal.a(stm32f1xx_hal_rcc.o)
HAL_RCC_ClockConfig                               ./lib/stm32f1hal/bin/libstm32f1hal.a(stm32f1xx_hal_rcc.o)
                                                  ./core/bin/libmodcore.a(sys_clock.o)
HAL_RCC_DeInit                                    ./lib/stm32f1hal/bin/libstm32f1hal.a(stm32f1xx_hal_rcc.o)
HAL_RCC_DisableCSS                                ./lib/stm32f1hal/bin/libstm32f1hal.a(stm32f1xx_hal_rcc.o)
HAL_RCC_EnableCSS                                 ./lib/stm32f1hal/bin/libstm32f1hal.a(stm32f1xx_hal_rcc.o)
HAL_RCC_GetClockConfig                            ./lib/stm32f1hal/bin/libstm32f1hal.a(stm32f1xx_hal_rcc.o)
HAL_RCC_GetHCLKFreq                               ./lib/stm32f1hal/bin/libstm32f1hal.a(stm32f1xx_hal_rcc.o)
HAL_RCC_GetOscConfig                              ./lib/stm32f1hal/bin/libstm32f1hal.a(stm32f1xx_hal_rcc.o)
HAL_RCC_GetPCLK1Freq                              ./lib/stm32f1hal/bin/libstm32f1hal.a(stm32f1xx_hal_rcc.o)
HAL_RCC_GetPCLK2Freq                              ./lib/stm32f1hal/bin/libstm32f1hal.a(stm32f1xx_hal_rcc.o)
HAL_RCC_GetSysClockFreq                           ./lib/stm32f1hal/bin/libstm32f1hal.a(stm32f1xx_hal_rcc.o)
HAL_RCC_MCOConfig                                 ./lib/stm32f1hal/bin/libstm32f1hal.a(stm32f1xx_hal_rcc.o)
HAL_RCC_NMI_IRQHandler                            ./lib/stm32f1hal/bin/libstm32f1hal.a(stm32f1xx_hal_rcc.o)
HAL_RCC_OscConfig                                 ./lib/stm32f1hal/bin/libstm32f1hal.a(stm32f1xx_hal_rcc.o)
                                                  ./core/bin/libmodcore.a(sys_clock.o)
HAL_ResumeTick                                    ./lib/stm32f1hal/bin/libstm32f1hal.a(stm32f1xx_hal.o)
HAL_SYSTICK_CLKSourceConfig                       ./lib/stm32f1hal/bin/libstm32f1hal.a(stm32f1xx_hal_cortex.o)
HAL_SYSTICK_Callback                              ./lib/stm32f1hal/bin/libstm32f1hal.a(stm32f1xx_hal_cortex.o)
HAL_SYSTICK_Config                                ./lib/stm32f1hal/bin/libstm32f1hal.a(stm32f1xx_hal_cortex.o)
                                                  ./lib/stm32f1hal/bin/libstm32f1hal.a(stm32f1xx_hal.o)
HAL_SYSTICK_IRQHandler                            ./lib/stm32f1hal/bin/libstm32f1hal.a(stm32f1xx_hal_cortex.o)
HAL_SetTickFreq                                   ./lib/stm32f1hal/bin/libstm32f1hal.a(stm32f1xx_hal.o)
HAL_SuspendTick                                   ./lib/stm32f1hal/bin/libstm32f1hal.a(stm32f1xx_hal.o)
HardFault_Handler                                 ./core/bin/libmodcore.a(startup_stm32f103x6.o)
I2C1_ER_IRQHandler                                ./core/bin/libmodcore.a(startup_stm32f103x6.o)
I2C1_EV_IRQHandler                                ./core/bin/libmodcore.a(startup_stm32f103x6.o)
MemManage_Handler                                 ./core/bin/libmodcore.a(startup_stm32f103x6.o)
NMI_Handler                                       ./core/bin/libmodcore.a(startup_stm32f103x6.o)
PVD_IRQHandler                                    ./core/bin/libmodcore.a(startup_stm32f103x6.o)
PendSV_Handler                                    ./core/bin/libmodcore.a(startup_stm32f103x6.o)
RCC_IRQHandler                                    ./core/bin/libmodcore.a(startup_stm32f103x6.o)
RTC_Alarm_IRQHandler                              ./core/bin/libmodcore.a(startup_stm32f103x6.o)
RTC_IRQHandler                                    ./core/bin/libmodcore.a(startup_stm32f103x6.o)
Reset_Handler                                     ./core/bin/libmodcore.a(startup_stm32f103x6.o)
SPI1_IRQHandler                                   ./core/bin/libmodcore.a(startup_stm32f103x6.o)
SVC_Handler                                       ./core/bin/libmodcore.a(startup_stm32f103x6.o)
SYS_Clock_Init                                    ./core/bin/libmodcore.a(sys_clock.o)
                                                  ./core/bin/libmodcore.a(main.o)
SYS_ThrowError                                    ./core/bin/libmodcore.a(sys_error.o)
                                                  ./core/bin/libmodcore.a(sys_clock.o)
SysTick_Handler                                   ./core/bin/libmodcore.a(startup_stm32f103x6.o)
SystemCoreClock                                   ./core/bin/libmodcore.a(sys_init.o)
                                                  ./lib/stm32f1hal/bin/libstm32f1hal.a(stm32f1xx_hal_rcc.o)
                                                  ./lib/stm32f1hal/bin/libstm32f1hal.a(stm32f1xx_hal.o)
SystemCoreClockUpdate                             ./core/bin/libmodcore.a(sys_init.o)
SystemInit                                        ./core/bin/libmodcore.a(sys_init.o)
                                                  ./core/bin/libmodcore.a(startup_stm32f103x6.o)
TAMPER_IRQHandler                                 ./core/bin/libmodcore.a(startup_stm32f103x6.o)
TIM1_BRK_IRQHandler                               ./core/bin/libmodcore.a(startup_stm32f103x6.o)
TIM1_CC_IRQHandler                                ./core/bin/libmodcore.a(startup_stm32f103x6.o)
TIM1_TRG_COM_IRQHandler                           ./core/bin/libmodcore.a(startup_stm32f103x6.o)
TIM1_UP_IRQHandler                                ./core/bin/libmodcore.a(startup_stm32f103x6.o)
TIM2_IRQHandler                                   ./core/bin/libmodcore.a(startup_stm32f103x6.o)
TIM3_IRQHandler                                   ./core/bin/libmodcore.a(startup_stm32f103x6.o)
USART1_IRQHandler                                 ./core/bin/libmodcore.a(startup_stm32f103x6.o)
USART2_IRQHandler                                 ./core/bin/libmodcore.a(startup_stm32f103x6.o)
USBWakeUp_IRQHandler                              ./core/bin/libmodcore.a(startup_stm32f103x6.o)
USB_HP_CAN1_TX_IRQHandler                         ./core/bin/libmodcore.a(startup_stm32f103x6.o)
USB_LP_CAN1_RX0_IRQHandler                        ./core/bin/libmodcore.a(startup_stm32f103x6.o)
UsageFault_Handler                                ./core/bin/libmodcore.a(startup_stm32f103x6.o)
WWDG_IRQHandler                                   ./core/bin/libmodcore.a(startup_stm32f103x6.o)
_ITM_deregisterTMCloneTable                       /usr/lib/gcc/arm-none-eabi/4.9.3/armv7-m/crtbegin.o
_ITM_registerTMCloneTable                         /usr/lib/gcc/arm-none-eabi/4.9.3/armv7-m/crtbegin.o
_Jv_RegisterClasses                               /usr/lib/gcc/arm-none-eabi/4.9.3/armv7-m/crtbegin.o
__TMC_END__                                       /usr/lib/gcc/arm-none-eabi/4.9.3/armv7-m/crtend.o
                                                  /usr/lib/gcc/arm-none-eabi/4.9.3/armv7-m/crtbegin.o
__atexit_dummy                                    /usr/lib/gcc/arm-none-eabi/4.9.3/../../../arm-none-eabi/lib/armv7-m/libc_nano.a(lib_a-__atexit.o)
__bss_end__                                       /usr/lib/gcc/arm-none-eabi/4.9.3/../../../arm-none-eabi/lib/armv7-m/crt0.o
__bss_start__                                     /usr/lib/gcc/arm-none-eabi/4.9.3/../../../arm-none-eabi/lib/armv7-m/crt0.o
__call_exitprocs                                  /usr/lib/gcc/arm-none-eabi/4.9.3/../../../arm-none-eabi/lib/armv7-m/libc_nano.a(lib_a-__call_atexit.o)
                                                  /usr/lib/gcc/arm-none-eabi/4.9.3/../../../arm-none-eabi/lib/armv7-m/libc_nano.a(lib_a-__atexit.o)
                                                  /usr/lib/gcc/arm-none-eabi/4.9.3/../../../arm-none-eabi/lib/armv7-m/libc_nano.a(lib_a-exit.o)
__deregister_frame_info                           /usr/lib/gcc/arm-none-eabi/4.9.3/armv7-m/crtbegin.o
__dso_handle                                      /usr/lib/gcc/arm-none-eabi/4.9.3/armv7-m/crtbegin.o
__fini_array_end                                  /usr/lib/gcc/arm-none-eabi/4.9.3/../../../arm-none-eabi/lib/armv7-m/libc_nano.a(lib_a-fini.o)
__fini_array_start                                /usr/lib/gcc/arm-none-eabi/4.9.3/../../../arm-none-eabi/lib/armv7-m/libc_nano.a(lib_a-fini.o)
__init_array_end                                  /usr/lib/gcc/arm-none-eabi/4.9.3/../../../arm-none-eabi/lib/armv7-m/libc_nano.a(lib_a-init.o)
__init_array_start                                /usr/lib/gcc/arm-none-eabi/4.9.3/../../../arm-none-eabi/lib/armv7-m/libc_nano.a(lib_a-init.o)
__libc_fini_array                                 /usr/lib/gcc/arm-none-eabi/4.9.3/../../../arm-none-eabi/lib/armv7-m/libc_nano.a(lib_a-fini.o)
                                                  /usr/lib/gcc/arm-none-eabi/4.9.3/../../../arm-none-eabi/lib/armv7-m/crt0.o
__libc_init_array                                 /usr/lib/gcc/arm-none-eabi/4.9.3/../../../arm-none-eabi/lib/armv7-m/libc_nano.a(lib_a-init.o)
                                                  ./core/bin/libmodcore.a(startup_stm32f103x6.o)
                                                  /usr/lib/gcc/arm-none-eabi/4.9.3/../../../arm-none-eabi/lib/armv7-m/crt0.o
__preinit_array_end                               /usr/lib/gcc/arm-none-eabi/4.9.3/../../../arm-none-eabi/lib/armv7-m/libc_nano.a(lib_a-init.o)
__preinit_array_start                             /usr/lib/gcc/arm-none-eabi/4.9.3/../../../arm-none-eabi/lib/armv7-m/libc_nano.a(lib_a-init.o)
__register_exitproc                               /usr/lib/gcc/arm-none-eabi/4.9.3/../../../arm-none-eabi/lib/armv7-m/libc_nano.a(lib_a-__atexit.o)
                                                  /usr/lib/gcc/arm-none-eabi/4.9.3/../../../arm-none-eabi/lib/armv7-m/libc_nano.a(lib_a-atexit.o)
__register_frame_info                             /usr/lib/gcc/arm-none-eabi/4.9.3/armv7-m/crtbegin.o
__sf_fake_stderr                                  /usr/lib/gcc/arm-none-eabi/4.9.3/../../../arm-none-eabi/lib/armv7-m/libc_nano.a(lib_a-impure.o)
__sf_fake_stdin                                   /usr/lib/gcc/arm-none-eabi/4.9.3/../../../arm-none-eabi/lib/armv7-m/libc_nano.a(lib_a-impure.o)
__sf_fake_stdout                                  /usr/lib/gcc/arm-none-eabi/4.9.3/../../../arm-none-eabi/lib/armv7-m/libc_nano.a(lib_a-impure.o)
__stack                                           /usr/lib/gcc/arm-none-eabi/4.9.3/../../../arm-none-eabi/lib/armv7-m/crt0.o
_ebss                                             ./core/bin/libmodcore.a(startup_stm32f103x6.o)
_edata                                            ./core/bin/libmodcore.a(startup_stm32f103x6.o)
_estack                                           ./core/bin/libmodcore.a(startup_stm32f103x6.o)
_exit                                             /usr/lib/gcc/arm-none-eabi/4.9.3/../../../arm-none-eabi/lib/armv7-m/libnosys.a(_exit.o)
                                                  /usr/lib/gcc/arm-none-eabi/4.9.3/../../../arm-none-eabi/lib/armv7-m/libc_nano.a(lib_a-exit.o)
_fini                                             /usr/lib/gcc/arm-none-eabi/4.9.3/armv7-m/crti.o
                                                  /usr/lib/gcc/arm-none-eabi/4.9.3/../../../arm-none-eabi/lib/armv7-m/libc_nano.a(lib_a-fini.o)
_global_atexit                                    /usr/lib/gcc/arm-none-eabi/4.9.3/../../../arm-none-eabi/lib/armv7-m/libc_nano.a(lib_a-__call_atexit.o)
                                                  /usr/lib/gcc/arm-none-eabi/4.9.3/../../../arm-none-eabi/lib/armv7-m/libc_nano.a(lib_a-__atexit.o)
_global_impure_ptr                                /usr/lib/gcc/arm-none-eabi/4.9.3/../../../arm-none-eabi/lib/armv7-m/libc_nano.a(lib_a-impure.o)
                                                  /usr/lib/gcc/arm-none-eabi/4.9.3/../../../arm-none-eabi/lib/armv7-m/libc_nano.a(lib_a-exit.o)
_impure_ptr                                       /usr/lib/gcc/arm-none-eabi/4.9.3/../../../arm-none-eabi/lib/armv7-m/libc_nano.a(lib_a-impure.o)
_init                                             /usr/lib/gcc/arm-none-eabi/4.9.3/armv7-m/crti.o
                                                  /usr/lib/gcc/arm-none-eabi/4.9.3/../../../arm-none-eabi/lib/armv7-m/libc_nano.a(lib_a-init.o)
_mainCRTStartup                                   /usr/lib/gcc/arm-none-eabi/4.9.3/../../../arm-none-eabi/lib/armv7-m/crt0.o
_sbss                                             ./core/bin/libmodcore.a(startup_stm32f103x6.o)
_sdata                                            ./core/bin/libmodcore.a(startup_stm32f103x6.o)
_sidata                                           ./core/bin/libmodcore.a(startup_stm32f103x6.o)
_start                                            /usr/lib/gcc/arm-none-eabi/4.9.3/../../../arm-none-eabi/lib/armv7-m/crt0.o
atexit                                            /usr/lib/gcc/arm-none-eabi/4.9.3/../../../arm-none-eabi/lib/armv7-m/libc_nano.a(lib_a-atexit.o)
                                                  /usr/lib/gcc/arm-none-eabi/4.9.3/../../../arm-none-eabi/lib/armv7-m/crt0.o
exit                                              /usr/lib/gcc/arm-none-eabi/4.9.3/../../../arm-none-eabi/lib/armv7-m/libc_nano.a(lib_a-exit.o)
                                                  /usr/lib/gcc/arm-none-eabi/4.9.3/../../../arm-none-eabi/lib/armv7-m/crt0.o
free                                              /usr/lib/gcc/arm-none-eabi/4.9.3/../../../arm-none-eabi/lib/armv7-m/libc_nano.a(lib_a-__call_atexit.o)
g_pfnVectors                                      ./core/bin/libmodcore.a(startup_stm32f103x6.o)
hardware_init_hook                                /usr/lib/gcc/arm-none-eabi/4.9.3/../../../arm-none-eabi/lib/armv7-m/crt0.o
main                                              ./core/bin/libmodcore.a(main.o)
                                                  ./core/bin/libmodcore.a(startup_stm32f103x6.o)
                                                  /usr/lib/gcc/arm-none-eabi/4.9.3/../../../arm-none-eabi/lib/armv7-m/crt0.o
malloc                                            /usr/lib/gcc/arm-none-eabi/4.9.3/../../../arm-none-eabi/lib/armv7-m/libc_nano.a(lib_a-__atexit.o)
memset                                            /usr/lib/gcc/arm-none-eabi/4.9.3/../../../arm-none-eabi/lib/armv7-m/libc_nano.a(lib_a-memset.o)
                                                  /usr/lib/gcc/arm-none-eabi/4.9.3/../../../arm-none-eabi/lib/armv7-m/crt0.o
software_init_hook                                /usr/lib/gcc/arm-none-eabi/4.9.3/../../../arm-none-eabi/lib/armv7-m/crt0.o
uwTick                                            ./lib/stm32f1hal/bin/libstm32f1hal.a(stm32f1xx_hal.o)
uwTickFreq                                        ./lib/stm32f1hal/bin/libstm32f1hal.a(stm32f1xx_hal.o)
uwTickPrio                                        ./lib/stm32f1hal/bin/libstm32f1hal.a(stm32f1xx_hal.o)
                                                  ./lib/stm32f1hal/bin/libstm32f1hal.a(stm32f1xx_hal_rcc.o)
