Archive member included to satisfy reference by file (symbol)

./core/bin/libmodcore.a(main.o)
                              /usr/lib/gcc/arm-none-eabi/6.3.1/../../../arm-none-eabi/lib/thumb/v7-m/crt0.o (main)
./core/bin/libmodcore.a(sys_clock.o)
                              ./core/bin/libmodcore.a(main.o) (SYS_Clock_Init())
./core/bin/libmodcore.a(sys_error.o)
                              ./core/bin/libmodcore.a(sys_clock.o) (SYS_ThrowError(SYS_ErrorType_t, unsigned long, char const*, char const*))
./core/bin/libmodcore.a(startup_stm32f103x6.o)
                              (Reset_Handler)
./core/bin/libmodcore.a(sys_init.o)
                              ./core/bin/libmodcore.a(startup_stm32f103x6.o) (SystemInit)
./lib/stm32f1hal/bin/libstm32f1hal.a(stm32f1xx_hal.o)
                              ./core/bin/libmodcore.a(main.o) (HAL_Init)
./lib/stm32f1hal/bin/libstm32f1hal.a(stm32f1xx_hal_cortex.o)
                              ./lib/stm32f1hal/bin/libstm32f1hal.a(stm32f1xx_hal.o) (HAL_NVIC_SetPriorityGrouping)
./lib/stm32f1hal/bin/libstm32f1hal.a(stm32f1xx_hal_rcc.o)
                              ./core/bin/libmodcore.a(sys_clock.o) (HAL_RCC_OscConfig)
./lib/stm32f1hal/bin/libstm32f1hal.a(stm32f1xx_hal_gpio.o)
                              ./lib/stm32f1hal/bin/libstm32f1hal.a(stm32f1xx_hal_rcc.o) (HAL_GPIO_Init)
/usr/lib/gcc/arm-none-eabi/6.3.1/../../../arm-none-eabi/lib/thumb/v7-m/libc_nano.a(lib_a-atexit.o)
                              /usr/lib/gcc/arm-none-eabi/6.3.1/../../../arm-none-eabi/lib/thumb/v7-m/crt0.o (atexit)
/usr/lib/gcc/arm-none-eabi/6.3.1/../../../arm-none-eabi/lib/thumb/v7-m/libc_nano.a(lib_a-exit.o)
                              /usr/lib/gcc/arm-none-eabi/6.3.1/../../../arm-none-eabi/lib/thumb/v7-m/crt0.o (exit)
/usr/lib/gcc/arm-none-eabi/6.3.1/../../../arm-none-eabi/lib/thumb/v7-m/libc_nano.a(lib_a-fini.o)
                              /usr/lib/gcc/arm-none-eabi/6.3.1/../../../arm-none-eabi/lib/thumb/v7-m/crt0.o (__libc_fini_array)
/usr/lib/gcc/arm-none-eabi/6.3.1/../../../arm-none-eabi/lib/thumb/v7-m/libc_nano.a(lib_a-impure.o)
                              /usr/lib/gcc/arm-none-eabi/6.3.1/../../../arm-none-eabi/lib/thumb/v7-m/libc_nano.a(lib_a-exit.o) (_global_impure_ptr)
/usr/lib/gcc/arm-none-eabi/6.3.1/../../../arm-none-eabi/lib/thumb/v7-m/libc_nano.a(lib_a-init.o)
                              /usr/lib/gcc/arm-none-eabi/6.3.1/../../../arm-none-eabi/lib/thumb/v7-m/crt0.o (__libc_init_array)
/usr/lib/gcc/arm-none-eabi/6.3.1/../../../arm-none-eabi/lib/thumb/v7-m/libc_nano.a(lib_a-memset.o)
                              /usr/lib/gcc/arm-none-eabi/6.3.1/../../../arm-none-eabi/lib/thumb/v7-m/crt0.o (memset)
/usr/lib/gcc/arm-none-eabi/6.3.1/../../../arm-none-eabi/lib/thumb/v7-m/libc_nano.a(lib_a-__atexit.o)
                              /usr/lib/gcc/arm-none-eabi/6.3.1/../../../arm-none-eabi/lib/thumb/v7-m/libc_nano.a(lib_a-atexit.o) (__register_exitproc)
/usr/lib/gcc/arm-none-eabi/6.3.1/../../../arm-none-eabi/lib/thumb/v7-m/libc_nano.a(lib_a-__call_atexit.o)
                              /usr/lib/gcc/arm-none-eabi/6.3.1/../../../arm-none-eabi/lib/thumb/v7-m/libc_nano.a(lib_a-__atexit.o) (__call_exitprocs)
/usr/lib/gcc/arm-none-eabi/6.3.1/../../../arm-none-eabi/lib/thumb/v7-m/libnosys.a(_exit.o)
                              /usr/lib/gcc/arm-none-eabi/6.3.1/../../../arm-none-eabi/lib/thumb/v7-m/libc_nano.a(lib_a-exit.o) (_exit)
/usr/lib/gcc/arm-none-eabi/6.3.1/thumb/v7-m/libgcc.a(unwind-arm.o)
                              ./core/bin/libmodcore.a(sys_clock.o) (__aeabi_unwind_cpp_pr0)
/usr/lib/gcc/arm-none-eabi/6.3.1/thumb/v7-m/libgcc.a(libunwind.o)
                              /usr/lib/gcc/arm-none-eabi/6.3.1/thumb/v7-m/libgcc.a(unwind-arm.o) (restore_core_regs)
/usr/lib/gcc/arm-none-eabi/6.3.1/thumb/v7-m/libgcc.a(pr-support.o)
                              /usr/lib/gcc/arm-none-eabi/6.3.1/thumb/v7-m/libgcc.a(unwind-arm.o) (__gnu_unwind_execute)
/usr/lib/gcc/arm-none-eabi/6.3.1/../../../arm-none-eabi/lib/thumb/v7-m/libc_nano.a(lib_a-abort.o)
                              /usr/lib/gcc/arm-none-eabi/6.3.1/thumb/v7-m/libgcc.a(unwind-arm.o) (abort)
/usr/lib/gcc/arm-none-eabi/6.3.1/../../../arm-none-eabi/lib/thumb/v7-m/libc_nano.a(lib_a-memcpy.o)
                              /usr/lib/gcc/arm-none-eabi/6.3.1/thumb/v7-m/libgcc.a(unwind-arm.o) (memcpy)
/usr/lib/gcc/arm-none-eabi/6.3.1/../../../arm-none-eabi/lib/thumb/v7-m/libc_nano.a(lib_a-signal.o)
                              /usr/lib/gcc/arm-none-eabi/6.3.1/../../../arm-none-eabi/lib/thumb/v7-m/libc_nano.a(lib_a-abort.o) (raise)
/usr/lib/gcc/arm-none-eabi/6.3.1/../../../arm-none-eabi/lib/thumb/v7-m/libc_nano.a(lib_a-signalr.o)
                              /usr/lib/gcc/arm-none-eabi/6.3.1/../../../arm-none-eabi/lib/thumb/v7-m/libc_nano.a(lib_a-signal.o) (_kill_r)
/usr/lib/gcc/arm-none-eabi/6.3.1/../../../arm-none-eabi/lib/thumb/v7-m/libc_nano.a(lib_a-nano-mallocr.o)
[...]
Memory Configuration

Name             Origin             Length             Attributes
FLASH            0x0000000008000000 0x0000000000008000 xr
RAM              0x0000000020000000 0x0000000000002800 xrw
*default*        0x0000000000000000 0xffffffffffffffff

Linker script and memory map

LOAD /usr/lib/gcc/arm-none-eabi/6.3.1/thumb/v7-m/crti.o
LOAD /usr/lib/gcc/arm-none-eabi/6.3.1/thumb/v7-m/crtbegin.o
LOAD /usr/lib/gcc/arm-none-eabi/6.3.1/../../../arm-none-eabi/lib/thumb/v7-m/crt0.o
START GROUP
LOAD ./core/bin/libmodcore.a
LOAD ./lib/stm32f1hal/bin/libstm32f1hal.a
LOAD /usr/lib/gcc/arm-none-eabi/6.3.1/../../../arm-none-eabi/lib/thumb/v7-m/libc_nano.a
LOAD /usr/lib/gcc/arm-none-eabi/6.3.1/../../../arm-none-eabi/lib/thumb/v7-m/libm.a
LOAD /usr/lib/gcc/arm-none-eabi/6.3.1/../../../arm-none-eabi/lib/thumb/v7-m/libnosys.a
LOAD ./core/bin/libmodcore.a
END GROUP
START GROUP
LOAD /usr/lib/gcc/arm-none-eabi/6.3.1/thumb/v7-m/libgcc.a
LOAD /usr/lib/gcc/arm-none-eabi/6.3.1/../../../arm-none-eabi/lib/thumb/v7-m/libc_nano.a
END GROUP
START GROUP
LOAD /usr/lib/gcc/arm-none-eabi/6.3.1/thumb/v7-m/libgcc.a
LOAD /usr/lib/gcc/arm-none-eabi/6.3.1/../../../arm-none-eabi/lib/thumb/v7-m/libc_nano.a
END GROUP
LOAD /usr/lib/gcc/arm-none-eabi/6.3.1/thumb/v7-m/crtend.o
LOAD /usr/lib/gcc/arm-none-eabi/6.3.1/thumb/v7-m/crtn.o
                0x00000000200027ff                _estack = 0x200027ff
                0x0000000000000200                _Min_Heap_Size = 0x200
                0x0000000000000400                _Min_Stack_Size = 0x400

.isr_vector     0x0000000008000000      0x10c
                0x0000000008000000                . = ALIGN (0x4)
 *(.isr_vector)
 .isr_vector    0x0000000008000000      0x10c ./core/bin/libmodcore.a(startup_stm32f103x6.o)
                0x0000000008000000                g_pfnVectors
                0x000000000800010c                . = ALIGN (0x4)

.text           0x000000000800010c     0x1bf8
                0x000000000800010c                . = ALIGN (0x4)
 *(.text)
 .text          0x000000000800010c       0xa4 /usr/lib/gcc/arm-none-eabi/6.3.1/thumb/v7-m/crtbegin.o
 .text          0x00000000080001b0       0x50 /usr/lib/gcc/arm-none-eabi/6.3.1/../../../arm-none-eabi/lib/thumb/v7-m/libc_nano.a(lib_a-init.o)
                0x00000000080001b0                __libc_init_array
 .text          0x0000000008000200        0x4 /usr/lib/gcc/arm-none-eabi/6.3.1/../../../arm-none-eabi/lib/thumb/v7-m/libnosys.a(_exit.o)
                0x0000000008000200                _exit
 .text          0x0000000008000204      0x9dc /usr/lib/gcc/arm-none-eabi/6.3.1/thumb/v7-m/libgcc.a(unwind-arm.o)
                0x00000000080004c8                _Unwind_GetCFA
                0x00000000080004cc                __gnu_Unwind_RaiseException
                0x000000000800052c                __gnu_Unwind_ForcedUnwind
                0x0000000008000540                __gnu_Unwind_Resume
                0x0000000008000584                __gnu_Unwind_Resume_or_Rethrow
                0x0000000008000598                _Unwind_Complete
                0x000000000800059c                _Unwind_DeleteException
                0x00000000080005a8                _Unwind_VRS_Get
                0x00000000080005f4                _Unwind_VRS_Set
                0x0000000008000644                __gnu_Unwind_Backtrace
                0x0000000008000988                __aeabi_unwind_cpp_pr0
                0x000000000800098c                __aeabi_unwind_cpp_pr1
                0x0000000008000990                __aeabi_unwind_cpp_pr2
                0x0000000008000994                _Unwind_VRS_Pop
 .text          0x0000000008000be0      0x1ac /usr/lib/gcc/arm-none-eabi/6.3.1/thumb/v7-m/libgcc.a(libunwind.o)
                0x0000000008000be0                __restore_core_regs
                0x0000000008000be0                restore_core_regs
                0x0000000008000bf8                __gnu_Unwind_Restore_VFP
                0x0000000008000c00                __gnu_Unwind_Save_VFP
                0x0000000008000c08                __gnu_Unwind_Restore_VFP_D
                0x0000000008000c10                __gnu_Unwind_Save_VFP_D
                0x0000000008000c18                __gnu_Unwind_Restore_VFP_D_16_to_31
                0x0000000008000c20                __gnu_Unwind_Save_VFP_D_16_to_31
                0x0000000008000c28                __gnu_Unwind_Restore_WMMXD
                0x0000000008000c6c                __gnu_Unwind_Save_WMMXD
                0x0000000008000cb0                __gnu_Unwind_Restore_WMMXC
                0x0000000008000cc4                __gnu_Unwind_Save_WMMXC
                0x0000000008000cd8                ___Unwind_RaiseException
                0x0000000008000cd8                _Unwind_RaiseException
                0x0000000008000cfc                ___Unwind_Resume
                0x0000000008000cfc                _Unwind_Resume
                0x0000000008000d20                _Unwind_Resume_or_Rethrow
                0x0000000008000d20                ___Unwind_Resume_or_Rethrow
                0x0000000008000d44                ___Unwind_ForcedUnwind
                0x0000000008000d44                _Unwind_ForcedUnwind
                0x0000000008000d68                _Unwind_Backtrace
                0x0000000008000d68                ___Unwind_Backtrace
 .text          0x0000000008000d8c      0x384 /usr/lib/gcc/arm-none-eabi/6.3.1/thumb/v7-m/libgcc.a(pr-support.o)
                0x0000000008000de4                __gnu_unwind_execute
                0x00000000080010b4                __gnu_unwind_frame
                0x00000000080010e0                _Unwind_GetRegionStart
                0x00000000080010ec                _Unwind_GetLanguageSpecificData
                0x0000000008001100                _Unwind_GetTextRelBase
                0x0000000008001108                _Unwind_GetDataRelBase
 .text          0x0000000008001110       0x10 /usr/lib/gcc/arm-none-eabi/6.3.1/../../../arm-none-eabi/lib/thumb/v7-m/libc_nano.a(lib_a-abort.o)
                0x0000000008001110                abort
 .text          0x0000000008001120       0xec /usr/lib/gcc/arm-none-eabi/6.3.1/../../../arm-none-eabi/lib/thumb/v7-m/libc_nano.a(lib_a-memcpy.o)
                0x0000000008001120                memcpy
 .text          0x000000000800120c      0x170 /usr/lib/gcc/arm-none-eabi/6.3.1/../../../arm-none-eabi/lib/thumb/v7-m/libc_nano.a(lib_a-signal.o)
                0x0000000008001234                _init_signal_r
                0x0000000008001240                _signal_r
                0x0000000008001280                _raise_r
                0x00000000080012e0                __sigtramp_r
                0x0000000008001338                raise
                0x0000000008001348                signal
                0x0000000008001358                _init_signal
                0x000000000800136c                __sigtramp
 .text          0x000000000800137c       0x2c /usr/lib/gcc/arm-none-eabi/6.3.1/../../../arm-none-eabi/lib/thumb/v7-m/libc_nano.a(lib_a-signalr.o)
                0x000000000800137c                _kill_r
                0x00000000080013a4                _getpid_r
 .text          0x00000000080013a8       0xbc /usr/lib/gcc/arm-none-eabi/6.3.1/../../../arm-none-eabi/lib/thumb/v7-m/libc_nano.a(lib_a-nano-mallocr.o)
                0x00000000080013a8                _malloc_r
 .text          0x0000000008001464       0x24 /usr/lib/gcc/arm-none-eabi/6.3.1/../../../arm-none-eabi/lib/thumb/v7-m/libc_nano.a(lib_a-sbrkr.o)
                0x0000000008001464                _sbrk_r
 *(.text*)
 .text.main     0x0000000008001488        0xc ./core/bin/libmodcore.a(main.o)
                0x0000000008001488                main
 .text._Z14SYS_Clock_Initv
                0x0000000008001494       0x74 ./core/bin/libmodcore.a(sys_clock.o)
                0x0000000008001494                SYS_Clock_Init()
 .text._Z14SYS_ThrowError15SYS_ErrorType_tmPKcS1_
                0x0000000008001508        0x8 ./core/bin/libmodcore.a(sys_error.o)
                0x0000000008001508                SYS_ThrowError(SYS_ErrorType_t, unsigned long, char const*, char const*)
 .text.Reset_Handler
                0x0000000008001510       0x48 ./core/bin/libmodcore.a(startup_stm32f103x6.o)
                0x0000000008001510                Reset_Handler
 .text.Default_Handler
                0x0000000008001558        0x2 ./core/bin/libmodcore.a(startup_stm32f103x6.o)
                0x0000000008001558                RTC_Alarm_IRQHandler
                0x0000000008001558                EXTI2_IRQHandler
                0x0000000008001558                DebugMon_Handler
                0x0000000008001558                TIM1_CC_IRQHandler
                0x0000000008001558                HardFault_Handler
                0x0000000008001558                SysTick_Handler
                0x0000000008001558                PVD_IRQHandler
                0x0000000008001558                PendSV_Handler
                0x0000000008001558                NMI_Handler
                0x0000000008001558                EXTI3_IRQHandler
                0x0000000008001558                EXTI0_IRQHandler
                0x0000000008001558                UsageFault_Handler
                0x0000000008001558                ADC1_2_IRQHandler
                0x0000000008001558                SPI1_IRQHandler
                0x0000000008001558                TAMPER_IRQHandler
                0x0000000008001558                DMA1_Channel4_IRQHandler
                0x0000000008001558                RTC_IRQHandler
                0x0000000008001558                DMA1_Channel7_IRQHandler
                0x0000000008001558                CAN1_RX1_IRQHandler
                0x0000000008001558                I2C1_EV_IRQHandler
                0x0000000008001558                DMA1_Channel6_IRQHandler
                0x0000000008001558                TIM3_IRQHandler
                0x0000000008001558                RCC_IRQHandler
                0x0000000008001558                TIM1_TRG_COM_IRQHandler
                0x0000000008001558                DMA1_Channel1_IRQHandler
                0x0000000008001558                Default_Handler
                0x0000000008001558                EXTI15_10_IRQHandler
                0x0000000008001558                EXTI9_5_IRQHandler
                0x0000000008001558                MemManage_Handler
                0x0000000008001558                SVC_Handler
                0x0000000008001558                DMA1_Channel5_IRQHandler
                0x0000000008001558                EXTI4_IRQHandler
                0x0000000008001558                USB_LP_CAN1_RX0_IRQHandler
                0x0000000008001558                USB_HP_CAN1_TX_IRQHandler
                0x0000000008001558                DMA1_Channel3_IRQHandler
                0x0000000008001558                TIM1_UP_IRQHandler
                0x0000000008001558                WWDG_IRQHandler
                0x0000000008001558                TIM2_IRQHandler
                0x0000000008001558                TIM1_BRK_IRQHandler
                0x0000000008001558                EXTI1_IRQHandler
                0x0000000008001558                USART2_IRQHandler
                0x0000000008001558                DMA1_Channel2_IRQHandler
                0x0000000008001558                CAN1_SCE_IRQHandler
                0x0000000008001558                FLASH_IRQHandler
                0x0000000008001558                BusFault_Handler
                0x0000000008001558                USART1_IRQHandler
                0x0000000008001558                I2C1_ER_IRQHandler
                0x0000000008001558                USBWakeUp_IRQHandler
 *fill*         0x000000000800155a        0x2 
 .text.SystemInit
                0x000000000800155c       0x4c ./core/bin/libmodcore.a(sys_init.o)
                0x000000000800155c                SystemInit
 .text.HAL_MspInit
                0x00000000080015a8        0x2 ./lib/stm32f1hal/bin/libstm32f1hal.a(stm32f1xx_hal.o)
                0x00000000080015a8                HAL_MspInit
 *fill*         0x00000000080015aa        0x2 
 .text.HAL_InitTick
                0x00000000080015ac       0x4c ./lib/stm32f1hal/bin/libstm32f1hal.a(stm32f1xx_hal.o)
                0x00000000080015ac                HAL_InitTick
 .text.HAL_Init
                0x00000000080015f8       0x24 ./lib/stm32f1hal/bin/libstm32f1hal.a(stm32f1xx_hal.o)
                0x00000000080015f8                HAL_Init
 .text.HAL_GetTick
                0x000000000800161c        0xc ./lib/stm32f1hal/bin/libstm32f1hal.a(stm32f1xx_hal.o)
                0x000000000800161c                HAL_GetTick
 .text.HAL_NVIC_SetPriorityGrouping
                0x0000000008001628       0x24 ./lib/stm32f1hal/bin/libstm32f1hal.a(stm32f1xx_hal_cortex.o)
                0x0000000008001628                HAL_NVIC_SetPriorityGrouping
 .text.HAL_NVIC_SetPriority
                0x000000000800164c       0x64 ./lib/stm32f1hal/bin/libstm32f1hal.a(stm32f1xx_hal_cortex.o)
                0x000000000800164c                HAL_NVIC_SetPriority
 .text.HAL_SYSTICK_Config
                0x00000000080016b0       0x2c ./lib/stm32f1hal/bin/libstm32f1hal.a(stm32f1xx_hal_cortex.o)
                0x00000000080016b0                HAL_SYSTICK_Config
 .text.RCC_Delay
                0x00000000080016dc       0x2c ./lib/stm32f1hal/bin/libstm32f1hal.a(stm32f1xx_hal_rcc.o)
 .text.HAL_RCC_OscConfig
                0x0000000008001708      0x410 ./lib/stm32f1hal/bin/libstm32f1hal.a(stm32f1xx_hal_rcc.o)
                0x0000000008001708                HAL_RCC_OscConfig
 .text.HAL_RCC_GetSysClockFreq
                0x0000000008001b18       0x6c ./lib/stm32f1hal/bin/libstm32f1hal.a(stm32f1xx_hal_rcc.o)
                0x0000000008001b18                HAL_RCC_GetSysClockFreq
 .text.HAL_RCC_ClockConfig
                0x0000000008001b84      0x168 ./lib/stm32f1hal/bin/libstm32f1hal.a(stm32f1xx_hal_rcc.o)
                0x0000000008001b84                HAL_RCC_ClockConfig
 *(.glue_7)
 .glue_7        0x0000000008001cec        0x0 linker stubs
 *(.glue_7t)
 .glue_7t       0x0000000008001cec        0x0 linker stubs
 *(.eh_frame)
 .eh_frame      0x0000000008001cec        0x0 /usr/lib/gcc/arm-none-eabi/6.3.1/thumb/v7-m/crtbegin.o
 *(.init)
 .init          0x0000000008001cec        0x4 /usr/lib/gcc/arm-none-eabi/6.3.1/thumb/v7-m/crti.o
                0x0000000008001cec                _init
 .init          0x0000000008001cf0        0x8 /usr/lib/gcc/arm-none-eabi/6.3.1/thumb/v7-m/crtn.o
 *(.fini)
 .fini          0x0000000008001cf8        0x4 /usr/lib/gcc/arm-none-eabi/6.3.1/thumb/v7-m/crti.o
                0x0000000008001cf8                _fini
 .fini          0x0000000008001cfc        0x8 /usr/lib/gcc/arm-none-eabi/6.3.1/thumb/v7-m/crtn.o
                0x0000000008001d04                . = ALIGN (0x4)
                0x0000000008001d04                _etext = .

.vfp11_veneer   0x0000000008001d04        0x0
 .vfp11_veneer  0x0000000008001d04        0x0 linker stubs

.v4_bx          0x0000000008001d04        0x0
 .v4_bx         0x0000000008001d04        0x0 linker stubs

.iplt           0x0000000008001d04        0x0
 .iplt          0x0000000008001d04        0x0 /usr/lib/gcc/arm-none-eabi/6.3.1/thumb/v7-m/crtbegin.o

.rodata         0x0000000008001d04       0x5c
                0x0000000008001d04                . = ALIGN (0x4)
 *(.rodata)
 .rodata        0x0000000008001d04       0x12 ./lib/stm32f1hal/bin/libstm32f1hal.a(stm32f1xx_hal_rcc.o)
 *(.rodata*)
 *fill*         0x0000000008001d16        0x2 
 .rodata._Z14SYS_Clock_Initv.str1.4
                0x0000000008001d18       0x33 ./core/bin/libmodcore.a(sys_clock.o)
 *fill*         0x0000000008001d4b        0x1 
 .rodata.AHBPrescTable
                0x0000000008001d4c       0x10 ./core/bin/libmodcore.a(sys_init.o)
                0x0000000008001d4c                AHBPrescTable
 .rodata.str1.4
                0x0000000008001d5c        0x4 /usr/lib/gcc/arm-none-eabi/6.3.1/../../../arm-none-eabi/lib/thumb/v7-m/libc_nano.a(lib_a-impure.o)
                                          0x2 (size before relaxing)
                0x0000000008001d60                . = ALIGN (0x4)

.ARM.extab      0x0000000008001d60       0x24
 *(.ARM.extab* .gnu.linkonce.armextab.*)
 .ARM.extab.text.main
                0x0000000008001d60        0xc ./core/bin/libmodcore.a(main.o)
 .ARM.extab     0x0000000008001d6c       0x18 /usr/lib/gcc/arm-none-eabi/6.3.1/thumb/v7-m/libgcc.a(pr-support.o)

.ARM            0x0000000008001d84       0xd0
                0x0000000008001d84                __exidx_start = .
 *(.ARM.exidx*)
 .ARM.exidx.text.main
                0x0000000008001e3c        0x8 ./core/bin/libmodcore.a(main.o)
 .ARM.exidx.text._Z14SYS_Clock_Initv
                0x0000000008001e44        0x8 ./core/bin/libmodcore.a(sys_clock.o)
 .ARM.exidx.text._Z14SYS_ThrowError15SYS_ErrorType_tmPKcS1_
                0x0000000008001e4c        0x8 ./core/bin/libmodcore.a(sys_error.o)
 .ARM.exidx.text.SystemInit
                0x0000000008001e54        0x0 ./core/bin/libmodcore.a(sys_init.o)
                                          0x8 (size before relaxing)
 .ARM.exidx     0x0000000008001d84       0x80 /usr/lib/gcc/arm-none-eabi/6.3.1/thumb/v7-m/libgcc.a(unwind-arm.o)
                                         0xd8 (size before relaxing)
 .ARM.exidx     0x0000000008001e04       0x38 /usr/lib/gcc/arm-none-eabi/6.3.1/thumb/v7-m/libgcc.a(pr-support.o)
                                         0x48 (size before relaxing)
                0x0000000008001e54                __exidx_end = .

.rel.dyn        0x0000000008001e54        0x0
 .rel.iplt      0x0000000008001e54        0x0 /usr/lib/gcc/arm-none-eabi/6.3.1/thumb/v7-m/crtbegin.o

.preinit_array  0x0000000008001e54        0x0
                0x0000000008001e54                PROVIDE (__preinit_array_start, .)
 *(.preinit_array*)
                0x0000000008001e54                PROVIDE (__preinit_array_end, .)

.init_array     0x0000000008001e54        0x4
                0x0000000008001e54                PROVIDE (__init_array_start, .)
 *(SORT(.init_array.*))
 *(.init_array*)
 .init_array    0x0000000008001e54        0x4 /usr/lib/gcc/arm-none-eabi/6.3.1/thumb/v7-m/crtbegin.o
                0x0000000008001e58                PROVIDE (__init_array_end, .)

.fini_array     0x0000000008001e58        0x4
                0x0000000008001e58                PROVIDE (__fini_array_start, .)
 *(SORT(.fini_array.*))
 *(.fini_array*)
 .fini_array    0x0000000008001e58        0x4 /usr/lib/gcc/arm-none-eabi/6.3.1/thumb/v7-m/crtbegin.o
                0x0000000008001e5c                PROVIDE (__fini_array_end, .)
                0x0000000008001e5c                _sidata = LOADADDR (.data)

.data           0x0000000020000000       0x70 load address 0x0000000008001e5c
                0x0000000020000000                . = ALIGN (0x4)
                0x0000000020000000                _sdata = .
 *(.data)
 .data          0x0000000020000000       0x64 /usr/lib/gcc/arm-none-eabi/6.3.1/../../../arm-none-eabi/lib/thumb/v7-m/libc_nano.a(lib_a-impure.o)
                0x0000000020000000                _impure_ptr
 *(.data*)
 .data.SystemCoreClock
                0x0000000020000064        0x4 ./core/bin/libmodcore.a(sys_init.o)
                0x0000000020000064                SystemCoreClock
 .data.uwTickFreq
                0x0000000020000068        0x1 ./lib/stm32f1hal/bin/libstm32f1hal.a(stm32f1xx_hal.o)
                0x0000000020000068                uwTickFreq
 *fill*         0x0000000020000069        0x3 
 .data.uwTickPrio
                0x000000002000006c        0x4 ./lib/stm32f1hal/bin/libstm32f1hal.a(stm32f1xx_hal.o)
                0x000000002000006c                uwTickPrio
                0x0000000020000070                . = ALIGN (0x4)
                0x0000000020000070                _edata = .

.jcr            0x0000000020000070        0x0 load address 0x0000000008001ecc
 .jcr           0x0000000020000070        0x0 /usr/lib/gcc/arm-none-eabi/6.3.1/thumb/v7-m/crtbegin.o

.tm_clone_table
                0x0000000020000070        0x0 load address 0x0000000008001ecc
 .tm_clone_table
                0x0000000020000070        0x0 /usr/lib/gcc/arm-none-eabi/6.3.1/thumb/v7-m/crtbegin.o
 .tm_clone_table
                0x0000000020000070        0x0 /usr/lib/gcc/arm-none-eabi/6.3.1/thumb/v7-m/crtend.o

.igot.plt       0x0000000020000070        0x0 load address 0x0000000008001ecc
 .igot.plt      0x0000000020000070        0x0 /usr/lib/gcc/arm-none-eabi/6.3.1/thumb/v7-m/crtbegin.o
                0x0000000020000070                . = ALIGN (0x4)

.bss            0x0000000020000070       0x2c load address 0x0000000008001ecc
                0x0000000020000070                _sbss = .
                0x0000000020000070                __bss_start__ = _sbss
 *(.bss)
 .bss           0x0000000020000070       0x1c /usr/lib/gcc/arm-none-eabi/6.3.1/thumb/v7-m/crtbegin.o
 .bss           0x000000002000008c        0x8 /usr/lib/gcc/arm-none-eabi/6.3.1/../../../arm-none-eabi/lib/thumb/v7-m/libc_nano.a(lib_a-nano-mallocr.o)
                0x000000002000008c                __malloc_free_list
                0x0000000020000090                __malloc_sbrk_start
 *(.bss*)
 *(COMMON)
 COMMON         0x0000000020000094        0x4 ./lib/stm32f1hal/bin/libstm32f1hal.a(stm32f1xx_hal.o)
                0x0000000020000094                uwTick
 COMMON         0x0000000020000098        0x4 /usr/lib/gcc/arm-none-eabi/6.3.1/../../../arm-none-eabi/lib/thumb/v7-m/libc_nano.a(lib_a-reent.o)
                0x0000000020000098                errno
                0x000000002000009c                . = ALIGN (0x4)
                0x000000002000009c                _ebss = .
                0x000000002000009c                __bss_end__ = _ebss

._user_heap_stack
                0x000000002000009c      0x604 load address 0x0000000008001ecc
                0x00000000200000a0                . = ALIGN (0x8)
 *fill*         0x000000002000009c        0x4 
                [!provide]                        PROVIDE (end, .)
                [!provide]                        PROVIDE (_end, .)
                0x00000000200002a0                . = (. + _Min_Heap_Size)
 *fill*         0x00000000200000a0      0x200 
                0x00000000200006a0                . = (. + _Min_Stack_Size)
 *fill*         0x00000000200002a0      0x400 
                0x00000000200006a0                . = ALIGN (0x8)

/DISCARD/
 libc.a(*)
 libm.a(*)
 libgcc.a(*)

.ARM.attributes
                0x0000000000000000       0x29
 *(.ARM.attributes)
 .ARM.attributes
                0x0000000000000000       0x1d /usr/lib/gcc/arm-none-eabi/6.3.1/thumb/v7-m/crti.o
 .ARM.attributes
                0x000000000000001d       0x2d /usr/lib/gcc/arm-none-eabi/6.3.1/thumb/v7-m/crtbegin.o
 .ARM.attributes
                0x000000000000004a       0x33 ./core/bin/libmodcore.a(main.o)
 .ARM.attributes
                0x000000000000007d       0x33 ./core/bin/libmodcore.a(sys_clock.o)
 .ARM.attributes
                0x00000000000000b0       0x33 ./core/bin/libmodcore.a(sys_error.o)
 .ARM.attributes
                0x00000000000000e3       0x21 ./core/bin/libmodcore.a(startup_stm32f103x6.o)
 .ARM.attributes
                0x0000000000000104       0x33 ./core/bin/libmodcore.a(sys_init.o)
 .ARM.attributes
                0x0000000000000137       0x33 ./lib/stm32f1hal/bin/libstm32f1hal.a(stm32f1xx_hal.o)
 .ARM.attributes
                0x000000000000016a       0x33 ./lib/stm32f1hal/bin/libstm32f1hal.a(stm32f1xx_hal_cortex.o)
 .ARM.attributes
                0x000000000000019d       0x33 ./lib/stm32f1hal/bin/libstm32f1hal.a(stm32f1xx_hal_rcc.o)
 .ARM.attributes
                0x00000000000001d0       0x2d /usr/lib/gcc/arm-none-eabi/6.3.1/../../../arm-none-eabi/lib/thumb/v7-m/libc_nano.a(lib_a-init.o)
 .ARM.attributes
                0x00000000000001fd       0x2d /usr/lib/gcc/arm-none-eabi/6.3.1/thumb/v7-m/crtend.o
 .ARM.attributes
                0x000000000000022a       0x1d /usr/lib/gcc/arm-none-eabi/6.3.1/thumb/v7-m/crtn.o
OUTPUT(./flash/stm32tctst.elf elf32-littlearm)

.comment        0x0000000000000000       0x31
 .comment       0x0000000000000000       0x31 /usr/lib/gcc/arm-none-eabi/6.3.1/thumb/v7-m/crtbegin.o
                                         0x32 (size before relaxing)
 .comment       0x0000000000000031       0x32 ./core/bin/libmodcore.a(main.o)
 .comment       0x0000000000000031       0x32 ./core/bin/libmodcore.a(sys_clock.o)
 .comment       0x0000000000000031       0x32 ./core/bin/libmodcore.a(sys_error.o)
 .comment       0x0000000000000031       0x32 ./core/bin/libmodcore.a(sys_init.o)
 .comment       0x0000000000000031       0x32 ./lib/stm32f1hal/bin/libstm32f1hal.a(stm32f1xx_hal.o)
 .comment       0x0000000000000031       0x32 ./lib/stm32f1hal/bin/libstm32f1hal.a(stm32f1xx_hal_cortex.o)
 .comment       0x0000000000000031       0x32 ./lib/stm32f1hal/bin/libstm32f1hal.a(stm32f1xx_hal_rcc.o)
 .comment       0x0000000000000031       0x32 /usr/lib/gcc/arm-none-eabi/6.3.1/../../../arm-none-eabi/lib/thumb/v7-m/libc_nano.a(lib_a-init.o)
 .comment       0x0000000000000031       0x32 /usr/lib/gcc/arm-none-eabi/6.3.1/thumb/v7-m/crtend.o

.debug_info     0x0000000000000000      0x110
 .debug_info    0x0000000000000000      0x110 /usr/lib/gcc/arm-none-eabi/6.3.1/../../../arm-none-eabi/lib/thumb/v7-m/libc_nano.a(lib_a-init.o)

.debug_abbrev   0x0000000000000000       0xba
 .debug_abbrev  0x0000000000000000       0xba /usr/lib/gcc/arm-none-eabi/6.3.1/../../../arm-none-eabi/lib/thumb/v7-m/libc_nano.a(lib_a-init.o)

.debug_loc      0x0000000000000000       0xae
 .debug_loc     0x0000000000000000       0xae /usr/lib/gcc/arm-none-eabi/6.3.1/../../../arm-none-eabi/lib/thumb/v7-m/libc_nano.a(lib_a-init.o)

.debug_aranges  0x0000000000000000       0x20
 .debug_aranges
                0x0000000000000000       0x20 /usr/lib/gcc/arm-none-eabi/6.3.1/../../../arm-none-eabi/lib/thumb/v7-m/libc_nano.a(lib_a-init.o)

.debug_line     0x0000000000000000       0xb9
 .debug_line    0x0000000000000000       0xb9 /usr/lib/gcc/arm-none-eabi/6.3.1/../../../arm-none-eabi/lib/thumb/v7-m/libc_nano.a(lib_a-init.o)

.debug_str      0x0000000000000000      0x1be
 .debug_str     0x0000000000000000      0x1be /usr/lib/gcc/arm-none-eabi/6.3.1/../../../arm-none-eabi/lib/thumb/v7-m/libc_nano.a(lib_a-init.o)
                                        0x1f7 (size before relaxing)

.debug_frame    0x0000000000000000       0x2c
 .debug_frame   0x0000000000000000       0x2c /usr/lib/gcc/arm-none-eabi/6.3.1/../../../arm-none-eabi/lib/thumb/v7-m/libc_nano.a(lib_a-init.o)

Cross Reference Table

Symbol                                            File
ADC1_2_IRQHandler                                 ./core/bin/libmodcore.a(startup_stm32f103x6.o)
AHBPrescTable                                     ./core/bin/libmodcore.a(sys_init.o)
                                                  ./lib/stm32f1hal/bin/libstm32f1hal.a(stm32f1xx_hal_rcc.o)
APBPrescTable                                     ./core/bin/libmodcore.a(sys_init.o)
                                                  ./lib/stm32f1hal/bin/libstm32f1hal.a(stm32f1xx_hal_rcc.o)
BusFault_Handler                                  ./core/bin/libmodcore.a(startup_stm32f103x6.o)
CAN1_RX1_IRQHandler                               ./core/bin/libmodcore.a(startup_stm32f103x6.o)
CAN1_SCE_IRQHandler                               ./core/bin/libmodcore.a(startup_stm32f103x6.o)
DMA1_Channel1_IRQHandler                          ./core/bin/libmodcore.a(startup_stm32f103x6.o)
DMA1_Channel2_IRQHandler                          ./core/bin/libmodcore.a(startup_stm32f103x6.o)
DMA1_Channel3_IRQHandler                          ./core/bin/libmodcore.a(startup_stm32f103x6.o)
DMA1_Channel4_IRQHandler                          ./core/bin/libmodcore.a(startup_stm32f103x6.o)
DMA1_Channel5_IRQHandler                          ./core/bin/libmodcore.a(startup_stm32f103x6.o)
DMA1_Channel6_IRQHandler                          ./core/bin/libmodcore.a(startup_stm32f103x6.o)
DMA1_Channel7_IRQHandler                          ./core/bin/libmodcore.a(startup_stm32f103x6.o)
DebugMon_Handler                                  ./core/bin/libmodcore.a(startup_stm32f103x6.o)
Default_Handler                                   ./core/bin/libmodcore.a(startup_stm32f103x6.o)
EXTI0_IRQHandler                                  ./core/bin/libmodcore.a(startup_stm32f103x6.o)
EXTI15_10_IRQHandler                              ./core/bin/libmodcore.a(startup_stm32f103x6.o)
EXTI1_IRQHandler                                  ./core/bin/libmodcore.a(startup_stm32f103x6.o)
EXTI2_IRQHandler                                  ./core/bin/libmodcore.a(startup_stm32f103x6.o)
EXTI3_IRQHandler                                  ./core/bin/libmodcore.a(startup_stm32f103x6.o)
EXTI4_IRQHandler                                  ./core/bin/libmodcore.a(startup_stm32f103x6.o)
EXTI9_5_IRQHandler                                ./core/bin/libmodcore.a(startup_stm32f103x6.o)
FLASH_IRQHandler                                  ./core/bin/libmodcore.a(startup_stm32f103x6.o)
HAL_DBGMCU_DisableDBGSleepMode                    ./lib/stm32f1hal/bin/libstm32f1hal.a(stm32f1xx_hal.o)
HAL_DBGMCU_DisableDBGStandbyMode                  ./lib/stm32f1hal/bin/libstm32f1hal.a(stm32f1xx_hal.o)
HAL_DBGMCU_DisableDBGStopMode                     ./lib/stm32f1hal/bin/libstm32f1hal.a(stm32f1xx_hal.o)
HAL_DBGMCU_EnableDBGSleepMode                     ./lib/stm32f1hal/bin/libstm32f1hal.a(stm32f1xx_hal.o)
HAL_DBGMCU_EnableDBGStandbyMode                   ./lib/stm32f1hal/bin/libstm32f1hal.a(stm32f1xx_hal.o)
HAL_DBGMCU_EnableDBGStopMode                      ./lib/stm32f1hal/bin/libstm32f1hal.a(stm32f1xx_hal.o)
HAL_DeInit                                        ./lib/stm32f1hal/bin/libstm32f1hal.a(stm32f1xx_hal.o)
HAL_Delay                                         ./lib/stm32f1hal/bin/libstm32f1hal.a(stm32f1xx_hal.o)
HAL_GPIO_DeInit                                   ./lib/stm32f1hal/bin/libstm32f1hal.a(stm32f1xx_hal_gpio.o)
HAL_GPIO_EXTI_Callback                            ./lib/stm32f1hal/bin/libstm32f1hal.a(stm32f1xx_hal_gpio.o)
HAL_GPIO_EXTI_IRQHandler                          ./lib/stm32f1hal/bin/libstm32f1hal.a(stm32f1xx_hal_gpio.o)
HAL_GPIO_Init                                     ./lib/stm32f1hal/bin/libstm32f1hal.a(stm32f1xx_hal_gpio.o)
                                                  ./lib/stm32f1hal/bin/libstm32f1hal.a(stm32f1xx_hal_rcc.o)
HAL_GPIO_LockPin                                  ./lib/stm32f1hal/bin/libstm32f1hal.a(stm32f1xx_hal_gpio.o)
HAL_GPIO_ReadPin                                  ./lib/stm32f1hal/bin/libstm32f1hal.a(stm32f1xx_hal_gpio.o)
HAL_GPIO_TogglePin                                ./lib/stm32f1hal/bin/libstm32f1hal.a(stm32f1xx_hal_gpio.o)
HAL_GPIO_WritePin                                 ./lib/stm32f1hal/bin/libstm32f1hal.a(stm32f1xx_hal_gpio.o)
HAL_GetDEVID                                      ./lib/stm32f1hal/bin/libstm32f1hal.a(stm32f1xx_hal.o)
HAL_GetHalVersion                                 ./lib/stm32f1hal/bin/libstm32f1hal.a(stm32f1xx_hal.o)
HAL_GetREVID                                      ./lib/stm32f1hal/bin/libstm32f1hal.a(stm32f1xx_hal.o)
HAL_GetTick                                       ./lib/stm32f1hal/bin/libstm32f1hal.a(stm32f1xx_hal.o)
                                                  ./lib/stm32f1hal/bin/libstm32f1hal.a(stm32f1xx_hal_rcc.o)
HAL_GetTickFreq                                   ./lib/stm32f1hal/bin/libstm32f1hal.a(stm32f1xx_hal.o)
HAL_GetTickPrio                                   ./lib/stm32f1hal/bin/libstm32f1hal.a(stm32f1xx_hal.o)
HAL_GetUIDw0                                      ./lib/stm32f1hal/bin/libstm32f1hal.a(stm32f1xx_hal.o)
HAL_GetUIDw1                                      ./lib/stm32f1hal/bin/libstm32f1hal.a(stm32f1xx_hal.o)
HAL_GetUIDw2                                      ./lib/stm32f1hal/bin/libstm32f1hal.a(stm32f1xx_hal.o)
HAL_IncTick                                       ./lib/stm32f1hal/bin/libstm32f1hal.a(stm32f1xx_hal.o)
HAL_Init                                          ./lib/stm32f1hal/bin/libstm32f1hal.a(stm32f1xx_hal.o)
                                                  ./core/bin/libmodcore.a(main.o)
HAL_InitTick                                      ./lib/stm32f1hal/bin/libstm32f1hal.a(stm32f1xx_hal.o)
                                                  ./lib/stm32f1hal/bin/libstm32f1hal.a(stm32f1xx_hal_rcc.o)
HAL_MspDeInit                                     ./lib/stm32f1hal/bin/libstm32f1hal.a(stm32f1xx_hal.o)
HAL_MspInit                                       ./lib/stm32f1hal/bin/libstm32f1hal.a(stm32f1xx_hal.o)
HAL_NVIC_ClearPendingIRQ                          ./lib/stm32f1hal/bin/libstm32f1hal.a(stm32f1xx_hal_cortex.o)
HAL_NVIC_DisableIRQ                               ./lib/stm32f1hal/bin/libstm32f1hal.a(stm32f1xx_hal_cortex.o)
HAL_NVIC_EnableIRQ                                ./lib/stm32f1hal/bin/libstm32f1hal.a(stm32f1xx_hal_cortex.o)
HAL_NVIC_GetActive                                ./lib/stm32f1hal/bin/libstm32f1hal.a(stm32f1xx_hal_cortex.o)
HAL_NVIC_GetPendingIRQ                            ./lib/stm32f1hal/bin/libstm32f1hal.a(stm32f1xx_hal_cortex.o)
HAL_NVIC_GetPriority                              ./lib/stm32f1hal/bin/libstm32f1hal.a(stm32f1xx_hal_cortex.o)
HAL_NVIC_GetPriorityGrouping                      ./lib/stm32f1hal/bin/libstm32f1hal.a(stm32f1xx_hal_cortex.o)
HAL_NVIC_SetPendingIRQ                            ./lib/stm32f1hal/bin/libstm32f1hal.a(stm32f1xx_hal_cortex.o)
HAL_NVIC_SetPriority                              ./lib/stm32f1hal/bin/libstm32f1hal.a(stm32f1xx_hal_cortex.o)
                                                  ./lib/stm32f1hal/bin/libstm32f1hal.a(stm32f1xx_hal.o)
HAL_NVIC_SetPriorityGrouping                      ./lib/stm32f1hal/bin/libstm32f1hal.a(stm32f1xx_hal_cortex.o)
                                                  ./lib/stm32f1hal/bin/libstm32f1hal.a(stm32f1xx_hal.o)
HAL_NVIC_SystemReset                              ./lib/stm32f1hal/bin/libstm32f1hal.a(stm32f1xx_hal_cortex.o)
HAL_RCC_CSSCallback                               ./lib/stm32f1hal/bin/libstm32f1hal.a(stm32f1xx_hal_rcc.o)
HAL_RCC_ClockConfig                               ./lib/stm32f1hal/bin/libstm32f1hal.a(stm32f1xx_hal_rcc.o)
                                                  ./core/bin/libmodcore.a(sys_clock.o)
HAL_RCC_DeInit                                    ./lib/stm32f1hal/bin/libstm32f1hal.a(stm32f1xx_hal_rcc.o)
HAL_RCC_DisableCSS                                ./lib/stm32f1hal/bin/libstm32f1hal.a(stm32f1xx_hal_rcc.o)
HAL_RCC_EnableCSS                                 ./lib/stm32f1hal/bin/libstm32f1hal.a(stm32f1xx_hal_rcc.o)
HAL_RCC_GetClockConfig                            ./lib/stm32f1hal/bin/libstm32f1hal.a(stm32f1xx_hal_rcc.o)
HAL_RCC_GetHCLKFreq                               ./lib/stm32f1hal/bin/libstm32f1hal.a(stm32f1xx_hal_rcc.o)
HAL_RCC_GetOscConfig                              ./lib/stm32f1hal/bin/libstm32f1hal.a(stm32f1xx_hal_rcc.o)
HAL_RCC_GetPCLK1Freq                              ./lib/stm32f1hal/bin/libstm32f1hal.a(stm32f1xx_hal_rcc.o)
HAL_RCC_GetPCLK2Freq                              ./lib/stm32f1hal/bin/libstm32f1hal.a(stm32f1xx_hal_rcc.o)
HAL_RCC_GetSysClockFreq                           ./lib/stm32f1hal/bin/libstm32f1hal.a(stm32f1xx_hal_rcc.o)
HAL_RCC_MCOConfig                                 ./lib/stm32f1hal/bin/libstm32f1hal.a(stm32f1xx_hal_rcc.o)
HAL_RCC_NMI_IRQHandler                            ./lib/stm32f1hal/bin/libstm32f1hal.a(stm32f1xx_hal_rcc.o)
HAL_RCC_OscConfig                                 ./lib/stm32f1hal/bin/libstm32f1hal.a(stm32f1xx_hal_rcc.o)
                                                  ./core/bin/libmodcore.a(sys_clock.o)
HAL_ResumeTick                                    ./lib/stm32f1hal/bin/libstm32f1hal.a(stm32f1xx_hal.o)
HAL_SYSTICK_CLKSourceConfig                       ./lib/stm32f1hal/bin/libstm32f1hal.a(stm32f1xx_hal_cortex.o)
HAL_SYSTICK_Callback                              ./lib/stm32f1hal/bin/libstm32f1hal.a(stm32f1xx_hal_cortex.o)
HAL_SYSTICK_Config                                ./lib/stm32f1hal/bin/libstm32f1hal.a(stm32f1xx_hal_cortex.o)
                                                  ./lib/stm32f1hal/bin/libstm32f1hal.a(stm32f1xx_hal.o)
HAL_SYSTICK_IRQHandler                            ./lib/stm32f1hal/bin/libstm32f1hal.a(stm32f1xx_hal_cortex.o)
HAL_SetTickFreq                                   ./lib/stm32f1hal/bin/libstm32f1hal.a(stm32f1xx_hal.o)
HAL_SuspendTick                                   ./lib/stm32f1hal/bin/libstm32f1hal.a(stm32f1xx_hal.o)
HardFault_Handler                                 ./core/bin/libmodcore.a(startup_stm32f103x6.o)
I2C1_ER_IRQHandler                                ./core/bin/libmodcore.a(startup_stm32f103x6.o)
I2C1_EV_IRQHandler                                ./core/bin/libmodcore.a(startup_stm32f103x6.o)
MemManage_Handler                                 ./core/bin/libmodcore.a(startup_stm32f103x6.o)
NMI_Handler                                       ./core/bin/libmodcore.a(startup_stm32f103x6.o)
PVD_IRQHandler                                    ./core/bin/libmodcore.a(startup_stm32f103x6.o)
PendSV_Handler                                    ./core/bin/libmodcore.a(startup_stm32f103x6.o)
RCC_IRQHandler                                    ./core/bin/libmodcore.a(startup_stm32f103x6.o)
RTC_Alarm_IRQHandler                              ./core/bin/libmodcore.a(startup_stm32f103x6.o)
RTC_IRQHandler                                    ./core/bin/libmodcore.a(startup_stm32f103x6.o)
Reset_Handler                                     ./core/bin/libmodcore.a(startup_stm32f103x6.o)
SPI1_IRQHandler                                   ./core/bin/libmodcore.a(startup_stm32f103x6.o)
SVC_Handler                                       ./core/bin/libmodcore.a(startup_stm32f103x6.o)
SYS_Clock_Init()                                  ./core/bin/libmodcore.a(sys_clock.o)
                                                  ./core/bin/libmodcore.a(main.o)
SYS_ThrowError(SYS_ErrorType_t, unsigned long, char const*, char const*) ./core/bin/libmodcore.a(sys_error.o)
                                                  ./core/bin/libmodcore.a(sys_clock.o)
SysTick_Handler                                   ./core/bin/libmodcore.a(startup_stm32f103x6.o)
SystemCoreClock                                   ./core/bin/libmodcore.a(sys_init.o)
                                                  ./lib/stm32f1hal/bin/libstm32f1hal.a(stm32f1xx_hal_rcc.o)
                                                  ./lib/stm32f1hal/bin/libstm32f1hal.a(stm32f1xx_hal.o)
SystemCoreClockUpdate                             ./core/bin/libmodcore.a(sys_init.o)
SystemInit                                        ./core/bin/libmodcore.a(sys_init.o)
                                                  ./core/bin/libmodcore.a(startup_stm32f103x6.o)
TAMPER_IRQHandler                                 ./core/bin/libmodcore.a(startup_stm32f103x6.o)
TIM1_BRK_IRQHandler                               ./core/bin/libmodcore.a(startup_stm32f103x6.o)
TIM1_CC_IRQHandler                                ./core/bin/libmodcore.a(startup_stm32f103x6.o)
TIM1_TRG_COM_IRQHandler                           ./core/bin/libmodcore.a(startup_stm32f103x6.o)
TIM1_UP_IRQHandler                                ./core/bin/libmodcore.a(startup_stm32f103x6.o)
TIM2_IRQHandler                                   ./core/bin/libmodcore.a(startup_stm32f103x6.o)
TIM3_IRQHandler                                   ./core/bin/libmodcore.a(startup_stm32f103x6.o)
USART1_IRQHandler                                 ./core/bin/libmodcore.a(startup_stm32f103x6.o)
USART2_IRQHandler                                 ./core/bin/libmodcore.a(startup_stm32f103x6.o)
USBWakeUp_IRQHandler                              ./core/bin/libmodcore.a(startup_stm32f103x6.o)
USB_HP_CAN1_TX_IRQHandler                         ./core/bin/libmodcore.a(startup_stm32f103x6.o)
USB_LP_CAN1_RX0_IRQHandler                        ./core/bin/libmodcore.a(startup_stm32f103x6.o)
UsageFault_Handler                                ./core/bin/libmodcore.a(startup_stm32f103x6.o)
WWDG_IRQHandler                                   ./core/bin/libmodcore.a(startup_stm32f103x6.o)
_ITM_deregisterTMCloneTable                       /usr/lib/gcc/arm-none-eabi/6.3.1/thumb/v7-m/crtbegin.o
_ITM_registerTMCloneTable                         /usr/lib/gcc/arm-none-eabi/6.3.1/thumb/v7-m/crtbegin.o
_Jv_RegisterClasses                               /usr/lib/gcc/arm-none-eabi/6.3.1/thumb/v7-m/crtbegin.o
_Unwind_Backtrace                                 /usr/lib/gcc/arm-none-eabi/6.3.1/thumb/v7-m/libgcc.a(libunwind.o)
_Unwind_Complete                                  /usr/lib/gcc/arm-none-eabi/6.3.1/thumb/v7-m/libgcc.a(unwind-arm.o)
_Unwind_DeleteException                           /usr/lib/gcc/arm-none-eabi/6.3.1/thumb/v7-m/libgcc.a(unwind-arm.o)
_Unwind_ForcedUnwind                              /usr/lib/gcc/arm-none-eabi/6.3.1/thumb/v7-m/libgcc.a(libunwind.o)
_Unwind_GetCFA                                    /usr/lib/gcc/arm-none-eabi/6.3.1/thumb/v7-m/libgcc.a(unwind-arm.o)
_Unwind_GetDataRelBase                            /usr/lib/gcc/arm-none-eabi/6.3.1/thumb/v7-m/libgcc.a(pr-support.o)
_Unwind_GetLanguageSpecificData                   /usr/lib/gcc/arm-none-eabi/6.3.1/thumb/v7-m/libgcc.a(pr-support.o)
_Unwind_GetRegionStart                            /usr/lib/gcc/arm-none-eabi/6.3.1/thumb/v7-m/libgcc.a(pr-support.o)
_Unwind_GetTextRelBase                            /usr/lib/gcc/arm-none-eabi/6.3.1/thumb/v7-m/libgcc.a(pr-support.o)
_Unwind_RaiseException                            /usr/lib/gcc/arm-none-eabi/6.3.1/thumb/v7-m/libgcc.a(libunwind.o)
_Unwind_Resume                                    /usr/lib/gcc/arm-none-eabi/6.3.1/thumb/v7-m/libgcc.a(libunwind.o)
_Unwind_Resume_or_Rethrow                         /usr/lib/gcc/arm-none-eabi/6.3.1/thumb/v7-m/libgcc.a(libunwind.o)
_Unwind_VRS_Get                                   /usr/lib/gcc/arm-none-eabi/6.3.1/thumb/v7-m/libgcc.a(unwind-arm.o)
                                                  /usr/lib/gcc/arm-none-eabi/6.3.1/thumb/v7-m/libgcc.a(pr-support.o)
_Unwind_VRS_Pop                                   /usr/lib/gcc/arm-none-eabi/6.3.1/thumb/v7-m/libgcc.a(unwind-arm.o)
                                                  /usr/lib/gcc/arm-none-eabi/6.3.1/thumb/v7-m/libgcc.a(pr-support.o)
_Unwind_VRS_Set                                   /usr/lib/gcc/arm-none-eabi/6.3.1/thumb/v7-m/libgcc.a(unwind-arm.o)
                                                  /usr/lib/gcc/arm-none-eabi/6.3.1/thumb/v7-m/libgcc.a(pr-support.o)
__TMC_END__                                       /usr/lib/gcc/arm-none-eabi/6.3.1/thumb/v7-m/crtend.o
                                                  /usr/lib/gcc/arm-none-eabi/6.3.1/thumb/v7-m/crtbegin.o
___Unwind_Backtrace                               /usr/lib/gcc/arm-none-eabi/6.3.1/thumb/v7-m/libgcc.a(libunwind.o)
___Unwind_ForcedUnwind                            /usr/lib/gcc/arm-none-eabi/6.3.1/thumb/v7-m/libgcc.a(libunwind.o)
___Unwind_RaiseException                          /usr/lib/gcc/arm-none-eabi/6.3.1/thumb/v7-m/libgcc.a(libunwind.o)
___Unwind_Resume                                  /usr/lib/gcc/arm-none-eabi/6.3.1/thumb/v7-m/libgcc.a(libunwind.o)
___Unwind_Resume_or_Rethrow                       /usr/lib/gcc/arm-none-eabi/6.3.1/thumb/v7-m/libgcc.a(libunwind.o)
__aeabi_unwind_cpp_pr0                            /usr/lib/gcc/arm-none-eabi/6.3.1/thumb/v7-m/libgcc.a(unwind-arm.o)
                                                  /usr/lib/gcc/arm-none-eabi/6.3.1/thumb/v7-m/libgcc.a(pr-support.o)
                                                  ./core/bin/libmodcore.a(sys_clock.o)
__aeabi_unwind_cpp_pr1                            /usr/lib/gcc/arm-none-eabi/6.3.1/thumb/v7-m/libgcc.a(unwind-arm.o)
                                                  /usr/lib/gcc/arm-none-eabi/6.3.1/thumb/v7-m/libgcc.a(pr-support.o)
                                                  ./core/bin/libmodcore.a(main.o)
__aeabi_unwind_cpp_pr2                            /usr/lib/gcc/arm-none-eabi/6.3.1/thumb/v7-m/libgcc.a(unwind-arm.o)
__atexit_dummy                                    /usr/lib/gcc/arm-none-eabi/6.3.1/../../../arm-none-eabi/lib/thumb/v7-m/libc_nano.a(lib_a-__atexit.o)
__bss_end__                                       /usr/lib/gcc/arm-none-eabi/6.3.1/../../../arm-none-eabi/lib/thumb/v7-m/crt0.o
__bss_start__                                     /usr/lib/gcc/arm-none-eabi/6.3.1/../../../arm-none-eabi/lib/thumb/v7-m/crt0.o
__call_exitprocs                                  /usr/lib/gcc/arm-none-eabi/6.3.1/../../../arm-none-eabi/lib/thumb/v7-m/libc_nano.a(lib_a-__call_atexit.o)
                                                  /usr/lib/gcc/arm-none-eabi/6.3.1/../../../arm-none-eabi/lib/thumb/v7-m/libc_nano.a(lib_a-__atexit.o)
                                                  /usr/lib/gcc/arm-none-eabi/6.3.1/../../../arm-none-eabi/lib/thumb/v7-m/libc_nano.a(lib_a-exit.o)
__cxa_begin_cleanup                               /usr/lib/gcc/arm-none-eabi/6.3.1/thumb/v7-m/libgcc.a(unwind-arm.o)
__cxa_call_unexpected                             /usr/lib/gcc/arm-none-eabi/6.3.1/thumb/v7-m/libgcc.a(unwind-arm.o)
__cxa_type_match                                  /usr/lib/gcc/arm-none-eabi/6.3.1/thumb/v7-m/libgcc.a(unwind-arm.o)
__deregister_frame_info                           /usr/lib/gcc/arm-none-eabi/6.3.1/thumb/v7-m/crtbegin.o
__dso_handle                                      /usr/lib/gcc/arm-none-eabi/6.3.1/thumb/v7-m/crtbegin.o
__exidx_end                                       /usr/lib/gcc/arm-none-eabi/6.3.1/thumb/v7-m/libgcc.a(unwind-arm.o)
__exidx_start                                     /usr/lib/gcc/arm-none-eabi/6.3.1/thumb/v7-m/libgcc.a(unwind-arm.o)
__fini_array_end                                  /usr/lib/gcc/arm-none-eabi/6.3.1/../../../arm-none-eabi/lib/thumb/v7-m/libc_nano.a(lib_a-fini.o)
__fini_array_start                                /usr/lib/gcc/arm-none-eabi/6.3.1/../../../arm-none-eabi/lib/thumb/v7-m/libc_nano.a(lib_a-fini.o)
__gnu_Unwind_Backtrace                            /usr/lib/gcc/arm-none-eabi/6.3.1/thumb/v7-m/libgcc.a(unwind-arm.o)
                                                  /usr/lib/gcc/arm-none-eabi/6.3.1/thumb/v7-m/libgcc.a(libunwind.o)
__gnu_Unwind_Find_exidx                           /usr/lib/gcc/arm-none-eabi/6.3.1/thumb/v7-m/libgcc.a(unwind-arm.o)
__gnu_Unwind_ForcedUnwind                         /usr/lib/gcc/arm-none-eabi/6.3.1/thumb/v7-m/libgcc.a(unwind-arm.o)
                                                  /usr/lib/gcc/arm-none-eabi/6.3.1/thumb/v7-m/libgcc.a(libunwind.o)
__gnu_Unwind_RaiseException                       /usr/lib/gcc/arm-none-eabi/6.3.1/thumb/v7-m/libgcc.a(unwind-arm.o)
                                                  /usr/lib/gcc/arm-none-eabi/6.3.1/thumb/v7-m/libgcc.a(libunwind.o)
__gnu_Unwind_Restore_VFP                          /usr/lib/gcc/arm-none-eabi/6.3.1/thumb/v7-m/libgcc.a(libunwind.o)
                                                  /usr/lib/gcc/arm-none-eabi/6.3.1/thumb/v7-m/libgcc.a(unwind-arm.o)
__gnu_Unwind_Restore_VFP_D                        /usr/lib/gcc/arm-none-eabi/6.3.1/thumb/v7-m/libgcc.a(libunwind.o)
                                                  /usr/lib/gcc/arm-none-eabi/6.3.1/thumb/v7-m/libgcc.a(unwind-arm.o)
__gnu_Unwind_Restore_VFP_D_16_to_31               /usr/lib/gcc/arm-none-eabi/6.3.1/thumb/v7-m/libgcc.a(libunwind.o)
                                                  /usr/lib/gcc/arm-none-eabi/6.3.1/thumb/v7-m/libgcc.a(unwind-arm.o)
__gnu_Unwind_Restore_WMMXC                        /usr/lib/gcc/arm-none-eabi/6.3.1/thumb/v7-m/libgcc.a(libunwind.o)
                                                  /usr/lib/gcc/arm-none-eabi/6.3.1/thumb/v7-m/libgcc.a(unwind-arm.o)
__gnu_Unwind_Restore_WMMXD                        /usr/lib/gcc/arm-none-eabi/6.3.1/thumb/v7-m/libgcc.a(libunwind.o)
                                                  /usr/lib/gcc/arm-none-eabi/6.3.1/thumb/v7-m/libgcc.a(unwind-arm.o)
__gnu_Unwind_Resume                               /usr/lib/gcc/arm-none-eabi/6.3.1/thumb/v7-m/libgcc.a(unwind-arm.o)
                                                  /usr/lib/gcc/arm-none-eabi/6.3.1/thumb/v7-m/libgcc.a(libunwind.o)
__gnu_Unwind_Resume_or_Rethrow                    /usr/lib/gcc/arm-none-eabi/6.3.1/thumb/v7-m/libgcc.a(unwind-arm.o)
                                                  /usr/lib/gcc/arm-none-eabi/6.3.1/thumb/v7-m/libgcc.a(libunwind.o)
__gnu_Unwind_Save_VFP                             /usr/lib/gcc/arm-none-eabi/6.3.1/thumb/v7-m/libgcc.a(libunwind.o)
                                                  /usr/lib/gcc/arm-none-eabi/6.3.1/thumb/v7-m/libgcc.a(unwind-arm.o)
__gnu_Unwind_Save_VFP_D                           /usr/lib/gcc/arm-none-eabi/6.3.1/thumb/v7-m/libgcc.a(libunwind.o)
                                                  /usr/lib/gcc/arm-none-eabi/6.3.1/thumb/v7-m/libgcc.a(unwind-arm.o)
__gnu_Unwind_Save_VFP_D_16_to_31                  /usr/lib/gcc/arm-none-eabi/6.3.1/thumb/v7-m/libgcc.a(libunwind.o)
                                                  /usr/lib/gcc/arm-none-eabi/6.3.1/thumb/v7-m/libgcc.a(unwind-arm.o)
__gnu_Unwind_Save_WMMXC                           /usr/lib/gcc/arm-none-eabi/6.3.1/thumb/v7-m/libgcc.a(libunwind.o)
                                                  /usr/lib/gcc/arm-none-eabi/6.3.1/thumb/v7-m/libgcc.a(unwind-arm.o)
__gnu_Unwind_Save_WMMXD                           /usr/lib/gcc/arm-none-eabi/6.3.1/thumb/v7-m/libgcc.a(libunwind.o)
                                                  /usr/lib/gcc/arm-none-eabi/6.3.1/thumb/v7-m/libgcc.a(unwind-arm.o)
__gnu_unwind_execute                              /usr/lib/gcc/arm-none-eabi/6.3.1/thumb/v7-m/libgcc.a(pr-support.o)
                                                  /usr/lib/gcc/arm-none-eabi/6.3.1/thumb/v7-m/libgcc.a(unwind-arm.o)
__gnu_unwind_frame                                /usr/lib/gcc/arm-none-eabi/6.3.1/thumb/v7-m/libgcc.a(pr-support.o)
__init_array_end                                  /usr/lib/gcc/arm-none-eabi/6.3.1/../../../arm-none-eabi/lib/thumb/v7-m/libc_nano.a(lib_a-init.o)
__init_array_start                                /usr/lib/gcc/arm-none-eabi/6.3.1/../../../arm-none-eabi/lib/thumb/v7-m/libc_nano.a(lib_a-init.o)
__libc_fini_array                                 /usr/lib/gcc/arm-none-eabi/6.3.1/../../../arm-none-eabi/lib/thumb/v7-m/libc_nano.a(lib_a-fini.o)
                                                  /usr/lib/gcc/arm-none-eabi/6.3.1/../../../arm-none-eabi/lib/thumb/v7-m/crt0.o
__libc_init_array                                 /usr/lib/gcc/arm-none-eabi/6.3.1/../../../arm-none-eabi/lib/thumb/v7-m/libc_nano.a(lib_a-init.o)
                                                  ./core/bin/libmodcore.a(startup_stm32f103x6.o)
                                                  /usr/lib/gcc/arm-none-eabi/6.3.1/../../../arm-none-eabi/lib/thumb/v7-m/crt0.o
__malloc_free_list                                /usr/lib/gcc/arm-none-eabi/6.3.1/../../../arm-none-eabi/lib/thumb/v7-m/libc_nano.a(lib_a-nano-mallocr.o)
                                                  /usr/lib/gcc/arm-none-eabi/6.3.1/../../../arm-none-eabi/lib/thumb/v7-m/libc_nano.a(lib_a-nano-freer.o)
__malloc_sbrk_start                               /usr/lib/gcc/arm-none-eabi/6.3.1/../../../arm-none-eabi/lib/thumb/v7-m/libc_nano.a(lib_a-nano-mallocr.o)
__on_exit_args                                    /usr/lib/gcc/arm-none-eabi/6.3.1/../../../arm-none-eabi/lib/thumb/v7-m/libc_nano.a(lib_a-__atexit.o)
__preinit_array_end                               /usr/lib/gcc/arm-none-eabi/6.3.1/../../../arm-none-eabi/lib/thumb/v7-m/libc_nano.a(lib_a-init.o)
__preinit_array_start                             /usr/lib/gcc/arm-none-eabi/6.3.1/../../../arm-none-eabi/lib/thumb/v7-m/libc_nano.a(lib_a-init.o)
__register_exitproc                               /usr/lib/gcc/arm-none-eabi/6.3.1/../../../arm-none-eabi/lib/thumb/v7-m/libc_nano.a(lib_a-__atexit.o)
                                                  /usr/lib/gcc/arm-none-eabi/6.3.1/../../../arm-none-eabi/lib/thumb/v7-m/libc_nano.a(lib_a-atexit.o)
__register_frame_info                             /usr/lib/gcc/arm-none-eabi/6.3.1/thumb/v7-m/crtbegin.o
__restore_core_regs                               /usr/lib/gcc/arm-none-eabi/6.3.1/thumb/v7-m/libgcc.a(libunwind.o)
__sf_fake_stderr                                  /usr/lib/gcc/arm-none-eabi/6.3.1/../../../arm-none-eabi/lib/thumb/v7-m/libc_nano.a(lib_a-impure.o)
__sf_fake_stdin                                   /usr/lib/gcc/arm-none-eabi/6.3.1/../../../arm-none-eabi/lib/thumb/v7-m/libc_nano.a(lib_a-impure.o)
__sf_fake_stdout                                  /usr/lib/gcc/arm-none-eabi/6.3.1/../../../arm-none-eabi/lib/thumb/v7-m/libc_nano.a(lib_a-impure.o)
__sigtramp                                        /usr/lib/gcc/arm-none-eabi/6.3.1/../../../arm-none-eabi/lib/thumb/v7-m/libc_nano.a(lib_a-signal.o)
__sigtramp_r                                      /usr/lib/gcc/arm-none-eabi/6.3.1/../../../arm-none-eabi/lib/thumb/v7-m/libc_nano.a(lib_a-signal.o)
__stack                                           /usr/lib/gcc/arm-none-eabi/6.3.1/../../../arm-none-eabi/lib/thumb/v7-m/crt0.o
_ebss                                             ./core/bin/libmodcore.a(startup_stm32f103x6.o)
_edata                                            ./core/bin/libmodcore.a(startup_stm32f103x6.o)
_estack                                           ./core/bin/libmodcore.a(startup_stm32f103x6.o)
_exit                                             /usr/lib/gcc/arm-none-eabi/6.3.1/../../../arm-none-eabi/lib/thumb/v7-m/libnosys.a(_exit.o)
                                                  /usr/lib/gcc/arm-none-eabi/6.3.1/../../../arm-none-eabi/lib/thumb/v7-m/libc_nano.a(lib_a-abort.o)
                                                  /usr/lib/gcc/arm-none-eabi/6.3.1/../../../arm-none-eabi/lib/thumb/v7-m/libc_nano.a(lib_a-exit.o)
_fini                                             /usr/lib/gcc/arm-none-eabi/6.3.1/thumb/v7-m/crti.o
                                                  /usr/lib/gcc/arm-none-eabi/6.3.1/../../../arm-none-eabi/lib/thumb/v7-m/libc_nano.a(lib_a-fini.o)
_free_r                                           /usr/lib/gcc/arm-none-eabi/6.3.1/../../../arm-none-eabi/lib/thumb/v7-m/libc_nano.a(lib_a-nano-freer.o)
                                                  /usr/lib/gcc/arm-none-eabi/6.3.1/../../../arm-none-eabi/lib/thumb/v7-m/libc_nano.a(lib_a-reent.o)
_getpid                                           /usr/lib/gcc/arm-none-eabi/6.3.1/../../../arm-none-eabi/lib/thumb/v7-m/libc_nano.a(lib_a-signalr.o)
_getpid_r                                         /usr/lib/gcc/arm-none-eabi/6.3.1/../../../arm-none-eabi/lib/thumb/v7-m/libc_nano.a(lib_a-signalr.o)
                                                  /usr/lib/gcc/arm-none-eabi/6.3.1/../../../arm-none-eabi/lib/thumb/v7-m/libc_nano.a(lib_a-signal.o)
_global_atexit                                    /usr/lib/gcc/arm-none-eabi/6.3.1/../../../arm-none-eabi/lib/thumb/v7-m/libc_nano.a(lib_a-__call_atexit.o)
                                                  /usr/lib/gcc/arm-none-eabi/6.3.1/../../../arm-none-eabi/lib/thumb/v7-m/libc_nano.a(lib_a-__atexit.o)
_global_impure_ptr                                /usr/lib/gcc/arm-none-eabi/6.3.1/../../../arm-none-eabi/lib/thumb/v7-m/libc_nano.a(lib_a-impure.o)
                                                  /usr/lib/gcc/arm-none-eabi/6.3.1/../../../arm-none-eabi/lib/thumb/v7-m/libc_nano.a(lib_a-exit.o)
_impure_ptr                                       /usr/lib/gcc/arm-none-eabi/6.3.1/../../../arm-none-eabi/lib/thumb/v7-m/libc_nano.a(lib_a-impure.o)
                                                  /usr/lib/gcc/arm-none-eabi/6.3.1/../../../arm-none-eabi/lib/thumb/v7-m/libc_nano.a(lib_a-reent.o)
                                                  /usr/lib/gcc/arm-none-eabi/6.3.1/../../../arm-none-eabi/lib/thumb/v7-m/libc_nano.a(lib_a-signal.o)
_init                                             /usr/lib/gcc/arm-none-eabi/6.3.1/thumb/v7-m/crti.o
                                                  /usr/lib/gcc/arm-none-eabi/6.3.1/../../../arm-none-eabi/lib/thumb/v7-m/libc_nano.a(lib_a-init.o)
_init_signal                                      /usr/lib/gcc/arm-none-eabi/6.3.1/../../../arm-none-eabi/lib/thumb/v7-m/libc_nano.a(lib_a-signal.o)
_init_signal_r                                    /usr/lib/gcc/arm-none-eabi/6.3.1/../../../arm-none-eabi/lib/thumb/v7-m/libc_nano.a(lib_a-signal.o)
_kill                                             /usr/lib/gcc/arm-none-eabi/6.3.1/../../../arm-none-eabi/lib/thumb/v7-m/libc_nano.a(lib_a-signalr.o)
_kill_r                                           /usr/lib/gcc/arm-none-eabi/6.3.1/../../../arm-none-eabi/lib/thumb/v7-m/libc_nano.a(lib_a-signalr.o)
                                                  /usr/lib/gcc/arm-none-eabi/6.3.1/../../../arm-none-eabi/lib/thumb/v7-m/libc_nano.a(lib_a-signal.o)
_mainCRTStartup                                   /usr/lib/gcc/arm-none-eabi/6.3.1/../../../arm-none-eabi/lib/thumb/v7-m/crt0.o
_malloc_r                                         /usr/lib/gcc/arm-none-eabi/6.3.1/../../../arm-none-eabi/lib/thumb/v7-m/libc_nano.a(lib_a-nano-mallocr.o)
                                                  /usr/lib/gcc/arm-none-eabi/6.3.1/../../../arm-none-eabi/lib/thumb/v7-m/libc_nano.a(lib_a-signal.o)
_raise_r                                          /usr/lib/gcc/arm-none-eabi/6.3.1/../../../arm-none-eabi/lib/thumb/v7-m/libc_nano.a(lib_a-signal.o)
_reclaim_reent                                    /usr/lib/gcc/arm-none-eabi/6.3.1/../../../arm-none-eabi/lib/thumb/v7-m/libc_nano.a(lib_a-reent.o)
_sbrk                                             /usr/lib/gcc/arm-none-eabi/6.3.1/../../../arm-none-eabi/lib/thumb/v7-m/libc_nano.a(lib_a-sbrkr.o)
_sbrk_r                                           /usr/lib/gcc/arm-none-eabi/6.3.1/../../../arm-none-eabi/lib/thumb/v7-m/libc_nano.a(lib_a-sbrkr.o)
                                                  /usr/lib/gcc/arm-none-eabi/6.3.1/../../../arm-none-eabi/lib/thumb/v7-m/libc_nano.a(lib_a-nano-mallocr.o)
_sbss                                             ./core/bin/libmodcore.a(startup_stm32f103x6.o)
_sdata                                            ./core/bin/libmodcore.a(startup_stm32f103x6.o)
_sidata                                           ./core/bin/libmodcore.a(startup_stm32f103x6.o)
_signal_r                                         /usr/lib/gcc/arm-none-eabi/6.3.1/../../../arm-none-eabi/lib/thumb/v7-m/libc_nano.a(lib_a-signal.o)
_start                                            /usr/lib/gcc/arm-none-eabi/6.3.1/../../../arm-none-eabi/lib/thumb/v7-m/crt0.o
abort                                             /usr/lib/gcc/arm-none-eabi/6.3.1/../../../arm-none-eabi/lib/thumb/v7-m/libc_nano.a(lib_a-abort.o)
                                                  /usr/lib/gcc/arm-none-eabi/6.3.1/thumb/v7-m/libgcc.a(pr-support.o)
                                                  /usr/lib/gcc/arm-none-eabi/6.3.1/thumb/v7-m/libgcc.a(unwind-arm.o)
atexit                                            /usr/lib/gcc/arm-none-eabi/6.3.1/../../../arm-none-eabi/lib/thumb/v7-m/libc_nano.a(lib_a-atexit.o)
                                                  /usr/lib/gcc/arm-none-eabi/6.3.1/../../../arm-none-eabi/lib/thumb/v7-m/crt0.o
cleanup_glue                                      /usr/lib/gcc/arm-none-eabi/6.3.1/../../../arm-none-eabi/lib/thumb/v7-m/libc_nano.a(lib_a-reent.o)
errno                                             /usr/lib/gcc/arm-none-eabi/6.3.1/../../../arm-none-eabi/lib/thumb/v7-m/libc_nano.a(lib_a-reent.o)
                                                  /usr/lib/gcc/arm-none-eabi/6.3.1/../../../arm-none-eabi/lib/thumb/v7-m/libc_nano.a(lib_a-sbrkr.o)
                                                  /usr/lib/gcc/arm-none-eabi/6.3.1/../../../arm-none-eabi/lib/thumb/v7-m/libc_nano.a(lib_a-signalr.o)
exit                                              /usr/lib/gcc/arm-none-eabi/6.3.1/../../../arm-none-eabi/lib/thumb/v7-m/libc_nano.a(lib_a-exit.o)
                                                  /usr/lib/gcc/arm-none-eabi/6.3.1/../../../arm-none-eabi/lib/thumb/v7-m/crt0.o
free                                              /usr/lib/gcc/arm-none-eabi/6.3.1/../../../arm-none-eabi/lib/thumb/v7-m/libc_nano.a(lib_a-__call_atexit.o)
g_pfnVectors                                      ./core/bin/libmodcore.a(startup_stm32f103x6.o)
hardware_init_hook                                /usr/lib/gcc/arm-none-eabi/6.3.1/../../../arm-none-eabi/lib/thumb/v7-m/crt0.o
main                                              ./core/bin/libmodcore.a(main.o)
                                                  ./core/bin/libmodcore.a(startup_stm32f103x6.o)
                                                  /usr/lib/gcc/arm-none-eabi/6.3.1/../../../arm-none-eabi/lib/thumb/v7-m/crt0.o
malloc                                            /usr/lib/gcc/arm-none-eabi/6.3.1/../../../arm-none-eabi/lib/thumb/v7-m/libc_nano.a(lib_a-__atexit.o)
memcpy                                            /usr/lib/gcc/arm-none-eabi/6.3.1/../../../arm-none-eabi/lib/thumb/v7-m/libc_nano.a(lib_a-memcpy.o)
                                                  /usr/lib/gcc/arm-none-eabi/6.3.1/thumb/v7-m/libgcc.a(unwind-arm.o)
memset                                            /usr/lib/gcc/arm-none-eabi/6.3.1/../../../arm-none-eabi/lib/thumb/v7-m/libc_nano.a(lib_a-memset.o)
                                                  /usr/lib/gcc/arm-none-eabi/6.3.1/../../../arm-none-eabi/lib/thumb/v7-m/crt0.o
raise                                             /usr/lib/gcc/arm-none-eabi/6.3.1/../../../arm-none-eabi/lib/thumb/v7-m/libc_nano.a(lib_a-signal.o)
                                                  /usr/lib/gcc/arm-none-eabi/6.3.1/../../../arm-none-eabi/lib/thumb/v7-m/libc_nano.a(lib_a-abort.o)
restore_core_regs                                 /usr/lib/gcc/arm-none-eabi/6.3.1/thumb/v7-m/libgcc.a(libunwind.o)
                                                  /usr/lib/gcc/arm-none-eabi/6.3.1/thumb/v7-m/libgcc.a(unwind-arm.o)
signal                                            /usr/lib/gcc/arm-none-eabi/6.3.1/../../../arm-none-eabi/lib/thumb/v7-m/libc_nano.a(lib_a-signal.o)
software_init_hook                                /usr/lib/gcc/arm-none-eabi/6.3.1/../../../arm-none-eabi/lib/thumb/v7-m/crt0.o
uwTick                                            ./lib/stm32f1hal/bin/libstm32f1hal.a(stm32f1xx_hal.o)
uwTickFreq                                        ./lib/stm32f1hal/bin/libstm32f1hal.a(stm32f1xx_hal.o)
uwTickPrio                                        ./lib/stm32f1hal/bin/libstm32f1hal.a(stm32f1xx_hal.o)
                                                  ./lib/stm32f1hal/bin/libstm32f1hal.a(stm32f1xx_hal_rcc.o)
