ARM GAS  /tmp/ccdEsmkR.s 			page 1


   1              		.syntax unified
   2              		.cpu cortex-m3
   3              		.fpu softvfp
   4              		.eabi_attribute 20, 1
   5              		.eabi_attribute 21, 1
   6              		.eabi_attribute 23, 3
   7              		.eabi_attribute 24, 1
   8              		.eabi_attribute 25, 1
   9              		.eabi_attribute 26, 1
  10              		.eabi_attribute 30, 1
  11              		.eabi_attribute 34, 1
  12              		.eabi_attribute 18, 4
  13              		.thumb
  14              		.file	"stm32f1xx_hal_wwdg.c"
  15              		.section	.text.HAL_WWDG_MspInit,"ax",%progbits
  16              		.align	2
  17              		.weak	HAL_WWDG_MspInit
  18              		.thumb
  19              		.thumb_func
  21              	HAL_WWDG_MspInit:
  22              		@ args = 0, pretend = 0, frame = 0
  23              		@ frame_needed = 0, uses_anonymous_args = 0
  24              		@ link register save eliminated.
  25 0000 7047     		bx	lr
  27 0002 00BF     		.section	.text.HAL_WWDG_Init,"ax",%progbits
  28              		.align	2
  29              		.global	HAL_WWDG_Init
  30              		.thumb
  31              		.thumb_func
  33              	HAL_WWDG_Init:
  34              		@ args = 0, pretend = 0, frame = 0
  35              		@ frame_needed = 0, uses_anonymous_args = 0
  36 0000 88B1     		cbz	r0, .L4
  37 0002 10B5     		push	{r4, lr}
  38 0004 0446     		mov	r4, r0
  39 0006 FFF7FEFF 		bl	HAL_WWDG_MspInit
  40 000a 2268     		ldr	r2, [r4]
  41 000c E368     		ldr	r3, [r4, #12]
  42 000e 43F08003 		orr	r3, r3, #128
  43 0012 1360     		str	r3, [r2]
  44 0014 2168     		ldr	r1, [r4]
  45 0016 2269     		ldr	r2, [r4, #16]
  46 0018 6368     		ldr	r3, [r4, #4]
  47 001a 1A43     		orrs	r2, r2, r3
  48 001c A368     		ldr	r3, [r4, #8]
  49 001e 1343     		orrs	r3, r3, r2
  50 0020 4B60     		str	r3, [r1, #4]
  51 0022 0020     		movs	r0, #0
  52 0024 10BD     		pop	{r4, pc}
  53              	.L4:
  54 0026 0120     		movs	r0, #1
  55 0028 7047     		bx	lr
  57 002a 00BF     		.section	.text.HAL_WWDG_Refresh,"ax",%progbits
  58              		.align	2
  59              		.global	HAL_WWDG_Refresh
  60              		.thumb
  61              		.thumb_func
ARM GAS  /tmp/ccdEsmkR.s 			page 2


  63              	HAL_WWDG_Refresh:
  64              		@ args = 0, pretend = 0, frame = 0
  65              		@ frame_needed = 0, uses_anonymous_args = 0
  66              		@ link register save eliminated.
  67 0000 0368     		ldr	r3, [r0]
  68 0002 C268     		ldr	r2, [r0, #12]
  69 0004 1A60     		str	r2, [r3]
  70 0006 0020     		movs	r0, #0
  71 0008 7047     		bx	lr
  73 000a 00BF     		.section	.text.HAL_WWDG_EarlyWakeupCallback,"ax",%progbits
  74              		.align	2
  75              		.weak	HAL_WWDG_EarlyWakeupCallback
  76              		.thumb
  77              		.thumb_func
  79              	HAL_WWDG_EarlyWakeupCallback:
  80              		@ args = 0, pretend = 0, frame = 0
  81              		@ frame_needed = 0, uses_anonymous_args = 0
  82              		@ link register save eliminated.
  83 0000 7047     		bx	lr
  85 0002 00BF     		.section	.text.HAL_WWDG_IRQHandler,"ax",%progbits
  86              		.align	2
  87              		.global	HAL_WWDG_IRQHandler
  88              		.thumb
  89              		.thumb_func
  91              	HAL_WWDG_IRQHandler:
  92              		@ args = 0, pretend = 0, frame = 0
  93              		@ frame_needed = 0, uses_anonymous_args = 0
  94 0000 08B5     		push	{r3, lr}
  95 0002 0368     		ldr	r3, [r0]
  96 0004 5A68     		ldr	r2, [r3, #4]
  97 0006 12F4007F 		tst	r2, #512
  98 000a 08D0     		beq	.L9
  99 000c 9A68     		ldr	r2, [r3, #8]
 100 000e 12F0010F 		tst	r2, #1
 101 0012 04D0     		beq	.L9
 102 0014 6FF00102 		mvn	r2, #1
 103 0018 9A60     		str	r2, [r3, #8]
 104 001a FFF7FEFF 		bl	HAL_WWDG_EarlyWakeupCallback
 105              	.L9:
 106 001e 08BD     		pop	{r3, pc}
 108              		.ident	"GCC: (15:4.9.3+svn231177-1) 4.9.3 20150529 (prerelease)"
ARM GAS  /tmp/ccdEsmkR.s 			page 3


DEFINED SYMBOLS
                            *ABS*:0000000000000000 stm32f1xx_hal_wwdg.c
     /tmp/ccdEsmkR.s:16     .text.HAL_WWDG_MspInit:0000000000000000 $t
     /tmp/ccdEsmkR.s:21     .text.HAL_WWDG_MspInit:0000000000000000 HAL_WWDG_MspInit
     /tmp/ccdEsmkR.s:28     .text.HAL_WWDG_Init:0000000000000000 $t
     /tmp/ccdEsmkR.s:33     .text.HAL_WWDG_Init:0000000000000000 HAL_WWDG_Init
     /tmp/ccdEsmkR.s:58     .text.HAL_WWDG_Refresh:0000000000000000 $t
     /tmp/ccdEsmkR.s:63     .text.HAL_WWDG_Refresh:0000000000000000 HAL_WWDG_Refresh
     /tmp/ccdEsmkR.s:74     .text.HAL_WWDG_EarlyWakeupCallback:0000000000000000 $t
     /tmp/ccdEsmkR.s:79     .text.HAL_WWDG_EarlyWakeupCallback:0000000000000000 HAL_WWDG_EarlyWakeupCallback
     /tmp/ccdEsmkR.s:86     .text.HAL_WWDG_IRQHandler:0000000000000000 $t
     /tmp/ccdEsmkR.s:91     .text.HAL_WWDG_IRQHandler:0000000000000000 HAL_WWDG_IRQHandler

NO UNDEFINED SYMBOLS
